<?xml version="1.0" encoding="UTF-8"?>
<TestRun id="dbaf9eef-4ec9-48a9-b8ff-31354db47164" name="Dat@DAT 2019-11-17 16:27:10" runUser="DAT\Dat" xmlns="http://microsoft.com/schemas/VisualStudio/TeamTest/2010">
  <TestSettings name="Local" id="ac1e801b-a157-4743-b81a-14bced406d4b">
    <Description>These are default test settings for a local test run.</Description>
    <Deployment enabled="false" runDeploymentRoot="Dat_DAT 2019-11-17 16_27_10">
      <DeploymentItem filename="C:\Users\Dat\Desktop\QuanLyCafe_ver2.0\bin\Debug\[KTPM]QuanLyCafe.exe" />
    </Deployment>
    <Execution>
      <TestTypeSpecific />
      <AgentRule name="Execution Agents">
      </AgentRule>
    </Execution>
  </TestSettings>
  <Times creation="2019-11-17T16:27:10.9504220+07:00" queuing="2019-11-17T16:27:22.6781350+07:00" start="2019-11-17T16:27:22.6851160+07:00" finish="2019-11-17T16:27:22.9932932+07:00" />
  <ResultSummary outcome="Completed">
    <Counters total="5" executed="5" passed="5" error="0" failed="0" timeout="0" aborted="0" inconclusive="0" passedButRunAborted="0" notRunnable="0" notExecuted="0" disconnected="0" warning="0" completed="0" inProgress="0" pending="0" />
  </ResultSummary>
  <TestDefinitions>
    <UnitTest name="Test_ThemBan_ThemDungSucChuaMaBanTangTheoThuTu" storage="c:\users\dat\desktop\quanlycafe_ver2.0\unittest\bin\debug\unittest.dll" id="f1e59a57-ed47-db14-6f73-cbb01d1f194b">
      <Execution id="f2f4b2e7-8e5f-4bdc-9d4a-647aa51ecf47" />
      <TestMethod codeBase="C:/Users/Dat/Desktop/QuanLyCafe_ver2.0/UnitTest/bin/Debug/UnitTest.DLL" adapterTypeName="Microsoft.VisualStudio.TestTools.TestTypes.Unit.UnitTestAdapter, Microsoft.VisualStudio.QualityTools.Tips.UnitTest.Adapter, Version=10.0.0.0, Culture=neutral, PublicKeyToken=b03f5f7f11d50a3a" className="UnitTest.Test_DSBan, UnitTest, Version=1.0.0.0, Culture=neutral, PublicKeyToken=null" name="Test_ThemBan_ThemDungSucChuaMaBanTangTheoThuTu" />
    </UnitTest>
    <UnitTest name="Test_ThemBan_ThemKhongDuocKhiNhapQuaGioiHanSucChua" storage="c:\users\dat\desktop\quanlycafe_ver2.0\unittest\bin\debug\unittest.dll" id="c9c26d72-52d8-5a7b-d4d5-60cc4b5a1f39">
      <Execution id="6cc0ffd0-ae0e-40d4-bdb2-1217580c3ad3" />
      <TestMethod codeBase="C:/Users/Dat/Desktop/QuanLyCafe_ver2.0/UnitTest/bin/Debug/UnitTest.DLL" adapterTypeName="Microsoft.VisualStudio.TestTools.TestTypes.Unit.UnitTestAdapter, Microsoft.VisualStudio.QualityTools.Tips.UnitTest.Adapter, Version=10.0.0.0, Culture=neutral, PublicKeyToken=b03f5f7f11d50a3a" className="UnitTest.Test_DSBan, UnitTest, Version=1.0.0.0, Culture=neutral, PublicKeyToken=null" name="Test_ThemBan_ThemKhongDuocKhiNhapQuaGioiHanSucChua" />
    </UnitTest>
    <UnitTest name="Test_TimBan_Thay" storage="c:\users\dat\desktop\quanlycafe_ver2.0\unittest\bin\debug\unittest.dll" id="1b43186f-cea4-7f6d-1ee2-8ab2997a0005">
      <Execution id="d1a0a3e0-89aa-4a9c-a545-e84735ec1a98" />
      <TestMethod codeBase="C:/Users/Dat/Desktop/QuanLyCafe_ver2.0/UnitTest/bin/Debug/UnitTest.DLL" adapterTypeName="Microsoft.VisualStudio.TestTools.TestTypes.Unit.UnitTestAdapter, Microsoft.VisualStudio.QualityTools.Tips.UnitTest.Adapter, Version=10.0.0.0, Culture=neutral, PublicKeyToken=b03f5f7f11d50a3a" className="UnitTest.Test_DSBan, UnitTest, Version=1.0.0.0, Culture=neutral, PublicKeyToken=null" name="Test_TimBan_Thay" />
    </UnitTest>
    <UnitTest name="Test_TimBan_KhongThay" storage="c:\users\dat\desktop\quanlycafe_ver2.0\unittest\bin\debug\unittest.dll" id="3393e269-f099-7851-92da-ffa6475b1c98">
      <Execution id="41e865ec-21ab-4559-a682-74abd88880c3" />
      <TestMethod codeBase="C:/Users/Dat/Desktop/QuanLyCafe_ver2.0/UnitTest/bin/Debug/UnitTest.DLL" adapterTypeName="Microsoft.VisualStudio.TestTools.TestTypes.Unit.UnitTestAdapter, Microsoft.VisualStudio.QualityTools.Tips.UnitTest.Adapter, Version=10.0.0.0, Culture=neutral, PublicKeyToken=b03f5f7f11d50a3a" className="UnitTest.Test_DSBan, UnitTest, Version=1.0.0.0, Culture=neutral, PublicKeyToken=null" name="Test_TimBan_KhongThay" />
    </UnitTest>
    <UnitTest name="Test_ThemBan_ThemDungSucChua" storage="c:\users\dat\desktop\quanlycafe_ver2.0\unittest\bin\debug\unittest.dll" id="d219ead7-ad45-913b-d994-e542673ed710">
      <Execution id="a68fd3c4-543f-4c07-af43-46d118274ea5" />
      <TestMethod codeBase="C:/Users/Dat/Desktop/QuanLyCafe_ver2.0/UnitTest/bin/Debug/UnitTest.DLL" adapterTypeName="Microsoft.VisualStudio.TestTools.TestTypes.Unit.UnitTestAdapter, Microsoft.VisualStudio.QualityTools.Tips.UnitTest.Adapter, Version=10.0.0.0, Culture=neutral, PublicKeyToken=b03f5f7f11d50a3a" className="UnitTest.Test_DSBan, UnitTest, Version=1.0.0.0, Culture=neutral, PublicKeyToken=null" name="Test_ThemBan_ThemDungSucChua" />
    </UnitTest>
  </TestDefinitions>
  <TestLists>
    <TestList name="Results Not in a List" id="8c84fa94-04c1-424b-9868-57a2d4851a1d" />
    <TestList name="All Loaded Results" id="19431567-8539-422a-85d7-44ee4e166bda" />
  </TestLists>
  <TestEntries>
    <TestEntry testId="1b43186f-cea4-7f6d-1ee2-8ab2997a0005" executionId="d1a0a3e0-89aa-4a9c-a545-e84735ec1a98" testListId="8c84fa94-04c1-424b-9868-57a2d4851a1d" />
    <TestEntry testId="3393e269-f099-7851-92da-ffa6475b1c98" executionId="41e865ec-21ab-4559-a682-74abd88880c3" testListId="8c84fa94-04c1-424b-9868-57a2d4851a1d" />
    <TestEntry testId="c9c26d72-52d8-5a7b-d4d5-60cc4b5a1f39" executionId="6cc0ffd0-ae0e-40d4-bdb2-1217580c3ad3" testListId="8c84fa94-04c1-424b-9868-57a2d4851a1d" />
    <TestEntry testId="d219ead7-ad45-913b-d994-e542673ed710" executionId="a68fd3c4-543f-4c07-af43-46d118274ea5" testListId="8c84fa94-04c1-424b-9868-57a2d4851a1d" />
    <TestEntry testId="f1e59a57-ed47-db14-6f73-cbb01d1f194b" executionId="f2f4b2e7-8e5f-4bdc-9d4a-647aa51ecf47" testListId="8c84fa94-04c1-424b-9868-57a2d4851a1d" />
  </TestEntries>
  <Results>
    <UnitTestResult executionId="d1a0a3e0-89aa-4a9c-a545-e84735ec1a98" testId="1b43186f-cea4-7f6d-1ee2-8ab2997a0005" testName="Test_TimBan_Thay" computerName="DAT" duration="00:00:00.0134190" startTime="2019-11-17T16:27:22.6950899+07:00" endTime="2019-11-17T16:27:22.9224819+07:00" testType="13cdc9d9-ddb5-4fa4-a97d-d965ccfc6d4b" outcome="Passed" testListId="8c84fa94-04c1-424b-9868-57a2d4851a1d" relativeResultsDirectory="d1a0a3e0-89aa-4a9c-a545-e84735ec1a98">
    </UnitTestResult>
    <UnitTestResult executionId="41e865ec-21ab-4559-a682-74abd88880c3" testId="3393e269-f099-7851-92da-ffa6475b1c98" testName="Test_TimBan_KhongThay" computerName="DAT" duration="00:00:00.0001868" startTime="2019-11-17T16:27:22.9344502+07:00" endTime="2019-11-17T16:27:22.9374412+07:00" testType="13cdc9d9-ddb5-4fa4-a97d-d965ccfc6d4b" outcome="Passed" testListId="8c84fa94-04c1-424b-9868-57a2d4851a1d" relativeResultsDirectory="41e865ec-21ab-4559-a682-74abd88880c3">
    </UnitTestResult>
    <UnitTestResult executionId="6cc0ffd0-ae0e-40d4-bdb2-1217580c3ad3" testId="c9c26d72-52d8-5a7b-d4d5-60cc4b5a1f39" testName="Test_ThemBan_ThemKhongDuocKhiNhapQuaGioiHanSucChua" computerName="DAT" duration="00:00:00.0006439" startTime="2019-11-17T16:27:22.9464179+07:00" endTime="2019-11-17T16:27:22.9504078+07:00" testType="13cdc9d9-ddb5-4fa4-a97d-d965ccfc6d4b" outcome="Passed" testListId="8c84fa94-04c1-424b-9868-57a2d4851a1d" relativeResultsDirectory="6cc0ffd0-ae0e-40d4-bdb2-1217580c3ad3">
    </UnitTestResult>
    <UnitTestResult executionId="a68fd3c4-543f-4c07-af43-46d118274ea5" testId="d219ead7-ad45-913b-d994-e542673ed710" testName="Test_ThemBan_ThemDungSucChua" computerName="DAT" duration="00:00:00.0002427" startTime="2019-11-17T16:27:22.9583874+07:00" endTime="2019-11-17T16:27:22.9613801+07:00" testType="13cdc9d9-ddb5-4fa4-a97d-d965ccfc6d4b" outcome="Passed" testListId="8c84fa94-04c1-424b-9868-57a2d4851a1d" relativeResultsDirectory="a68fd3c4-543f-4c07-af43-46d118274ea5">
    </UnitTestResult>
    <UnitTestResult executionId="f2f4b2e7-8e5f-4bdc-9d4a-647aa51ecf47" testId="f1e59a57-ed47-db14-6f73-cbb01d1f194b" testName="Test_ThemBan_ThemDungSucChuaMaBanTangTheoThuTu" computerName="DAT" duration="00:00:00.0002960" startTime="2019-11-17T16:27:22.9703552+07:00" endTime="2019-11-17T16:27:22.9733464+07:00" testType="13cdc9d9-ddb5-4fa4-a97d-d965ccfc6d4b" outcome="Passed" testListId="8c84fa94-04c1-424b-9868-57a2d4851a1d" relativeResultsDirectory="f2f4b2e7-8e5f-4bdc-9d4a-647aa51ecf47">
    </UnitTestResult>
  </Results>
</TestRun>