<?xml version="1.0" encoding="UTF-8"?>
<TestRun id="1b47806c-7548-4b1e-bcff-14e30e66a331" name="Dat@DAT 2019-11-17 16:25:39" runUser="DAT\Dat" xmlns="http://microsoft.com/schemas/VisualStudio/TeamTest/2010">
  <TestSettings name="Local" id="ac1e801b-a157-4743-b81a-14bced406d4b">
    <Description>These are default test settings for a local test run.</Description>
    <Deployment enabled="false" runDeploymentRoot="Dat_DAT 2019-11-17 16_25_39">
      <DeploymentItem filename="C:\Users\Dat\Desktop\QuanLyCafe_ver2.0\bin\Debug\[KTPM]QuanLyCafe.exe" />
    </Deployment>
    <Execution>
      <TestTypeSpecific />
      <AgentRule name="Execution Agents">
      </AgentRule>
    </Execution>
  </TestSettings>
  <Times creation="2019-11-17T16:25:39.9283768+07:00" queuing="2019-11-17T16:25:39.9892116+07:00" start="2019-11-17T16:25:39.9951960+07:00" finish="2019-11-17T16:25:40.3492500+07:00" />
  <ResultSummary outcome="Failed">
    <Counters total="1" executed="1" error="0" failed="1" timeout="0" aborted="0" inconclusive="0" passedButRunAborted="0" notRunnable="0" notExecuted="0" disconnected="0" warning="0" passed="0" completed="0" inProgress="0" pending="0" />
  </ResultSummary>
  <TestDefinitions>
    <UnitTest name="Test_ThemBan_ThemDungSucChua" storage="c:\users\dat\desktop\quanlycafe_ver2.0\unittest\bin\debug\unittest.dll" id="d219ead7-ad45-913b-d994-e542673ed710">
      <Execution id="ca5acfdc-53aa-496d-b4e0-667c1f102964" />
      <TestMethod codeBase="C:/Users/Dat/Desktop/QuanLyCafe_ver2.0/UnitTest/bin/Debug/UnitTest.DLL" adapterTypeName="Microsoft.VisualStudio.TestTools.TestTypes.Unit.UnitTestAdapter, Microsoft.VisualStudio.QualityTools.Tips.UnitTest.Adapter, Version=10.0.0.0, Culture=neutral, PublicKeyToken=b03f5f7f11d50a3a" className="UnitTest.Test_DSBan, UnitTest, Version=1.0.0.0, Culture=neutral, PublicKeyToken=null" name="Test_ThemBan_ThemDungSucChua" />
    </UnitTest>
  </TestDefinitions>
  <TestLists>
    <TestList name="Results Not in a List" id="8c84fa94-04c1-424b-9868-57a2d4851a1d" />
    <TestList name="All Loaded Results" id="19431567-8539-422a-85d7-44ee4e166bda" />
  </TestLists>
  <TestEntries>
    <TestEntry testId="d219ead7-ad45-913b-d994-e542673ed710" executionId="ca5acfdc-53aa-496d-b4e0-667c1f102964" testListId="8c84fa94-04c1-424b-9868-57a2d4851a1d" />
  </TestEntries>
  <Results>
    <UnitTestResult executionId="ca5acfdc-53aa-496d-b4e0-667c1f102964" testId="d219ead7-ad45-913b-d994-e542673ed710" testName="Test_ThemBan_ThemDungSucChua" computerName="DAT" duration="00:00:00.0483647" startTime="2019-11-17T16:25:40.0061668+07:00" endTime="2019-11-17T16:25:40.2704605+07:00" testType="13cdc9d9-ddb5-4fa4-a97d-d965ccfc6d4b" outcome="Failed" testListId="8c84fa94-04c1-424b-9868-57a2d4851a1d" relativeResultsDirectory="ca5acfdc-53aa-496d-b4e0-667c1f102964">
      <Output>
        <ErrorInfo>
          <Message>Assert.AreEqual failed. Expected:&lt;113&gt;. Actual:&lt;114&gt;. </Message>
          <StackTrace>   at UnitTest.Test_DSBan.Test_ThemBan_ThemDungSucChua() in C:\Users\Dat\Desktop\QuanLyCafe_ver2.0\UnitTest\Test_DSBan.cs:line 91
</StackTrace>
        </ErrorInfo>
      </Output>
    </UnitTestResult>
  </Results>
</TestRun>