<?xml version="1.0" encoding="UTF-8"?>
<TestRun id="f0f7e7cc-266f-4847-9f9f-efc46b1f7763" name="Dat@DAT 2019-11-16 21:38:15" runUser="DAT\Dat" xmlns="http://microsoft.com/schemas/VisualStudio/TeamTest/2010">
  <TestSettings name="Local" id="ac1e801b-a157-4743-b81a-14bced406d4b">
    <Description>These are default test settings for a local test run.</Description>
    <Deployment enabled="false" runDeploymentRoot="Dat_DAT 2019-11-16 21_38_15">
      <DeploymentItem filename="C:\Users\Dat\Desktop\QuanLyCafe\bin\Debug\[KTPM]QuanLyCafe.exe" />
    </Deployment>
    <Execution>
      <TestTypeSpecific />
      <AgentRule name="Execution Agents">
      </AgentRule>
    </Execution>
  </TestSettings>
  <Times creation="2019-11-16T21:38:15.0903145+07:00" queuing="2019-11-16T21:38:15.1292110+07:00" start="2019-11-16T21:38:15.1371895+07:00" finish="2019-11-16T21:38:15.4359013+07:00" />
  <ResultSummary outcome="Completed">
    <Counters total="1" executed="1" passed="1" error="0" failed="0" timeout="0" aborted="0" inconclusive="0" passedButRunAborted="0" notRunnable="0" notExecuted="0" disconnected="0" warning="0" completed="0" inProgress="0" pending="0" />
  </ResultSummary>
  <TestDefinitions>
    <UnitTest name="Test_KiemTraTinhTrangBan" storage="c:\users\dat\desktop\testpm\bin\debug\testpm.dll" id="c234d1f5-618a-9344-50a8-0c8365dbbca6">
      <Execution id="4e5214a6-f859-46d7-8082-fe020f1d0718" />
      <TestMethod codeBase="C:/Users/Dat/Desktop/TestPM/bin/Debug/TestPM.DLL" adapterTypeName="Microsoft.VisualStudio.TestTools.TestTypes.Unit.UnitTestAdapter, Microsoft.VisualStudio.QualityTools.Tips.UnitTest.Adapter, Version=10.0.0.0, Culture=neutral, PublicKeyToken=b03f5f7f11d50a3a" className="Testing.UnitTests.Test_QuanLyHoaDon, TestPM, Version=1.0.0.0, Culture=neutral, PublicKeyToken=null" name="Test_KiemTraTinhTrangBan" />
    </UnitTest>
  </TestDefinitions>
  <TestLists>
    <TestList name="Results Not in a List" id="8c84fa94-04c1-424b-9868-57a2d4851a1d" />
    <TestList name="All Loaded Results" id="19431567-8539-422a-85d7-44ee4e166bda" />
  </TestLists>
  <TestEntries>
    <TestEntry testId="c234d1f5-618a-9344-50a8-0c8365dbbca6" executionId="4e5214a6-f859-46d7-8082-fe020f1d0718" testListId="8c84fa94-04c1-424b-9868-57a2d4851a1d" />
  </TestEntries>
  <Results>
    <UnitTestResult executionId="4e5214a6-f859-46d7-8082-fe020f1d0718" testId="c234d1f5-618a-9344-50a8-0c8365dbbca6" testName="Test_KiemTraTinhTrangBan" computerName="DAT" duration="00:00:00.0531006" startTime="2019-11-16T21:38:15.1521509+07:00" endTime="2019-11-16T21:38:15.4149577+07:00" testType="13cdc9d9-ddb5-4fa4-a97d-d965ccfc6d4b" outcome="Passed" testListId="8c84fa94-04c1-424b-9868-57a2d4851a1d" relativeResultsDirectory="4e5214a6-f859-46d7-8082-fe020f1d0718">
    </UnitTestResult>
  </Results>
</TestRun>