<?xml version="1.0" encoding="UTF-8"?>
<TestRun id="35cfecc2-e4ae-440c-bb14-c5793e8c37f9" name="Dat@DAT 2019-11-17 22:37:38" runUser="DAT\Dat" xmlns="http://microsoft.com/schemas/VisualStudio/TeamTest/2010">
  <TestSettings name="Local" id="ac1e801b-a157-4743-b81a-14bced406d4b">
    <Description>These are default test settings for a local test run.</Description>
    <Deployment enabled="false" runDeploymentRoot="Dat_DAT 2019-11-17 22_37_38">
      <DeploymentItem filename="C:\Users\Dat\Desktop\QuanLyCafe_ver2.0\bin\Debug\[KTPM]QuanLyCafe.exe" />
    </Deployment>
    <Execution>
      <TestTypeSpecific />
      <AgentRule name="Execution Agents">
      </AgentRule>
    </Execution>
  </TestSettings>
  <Times creation="2019-11-17T22:37:38.0867603+07:00" queuing="2019-11-17T22:37:38.1345891+07:00" start="2019-11-17T22:37:38.1485523+07:00" finish="2019-11-17T22:37:44.5334327+07:00" />
  <ResultSummary outcome="Failed">
    <Counters total="50" executed="50" passed="48" error="0" failed="2" timeout="0" aborted="0" inconclusive="0" passedButRunAborted="0" notRunnable="0" notExecuted="0" disconnected="0" warning="0" completed="0" inProgress="0" pending="0" />
  </ResultSummary>
  <TestDefinitions>
    <UnitTest name="KiemTraTinhTrangBan_BanTrong" storage="c:\users\dat\desktop\quanlycafe_ver2.0\unittest\bin\debug\unittest.dll" id="3df2cd00-3c06-f507-5b91-3e8795b36070">
      <Execution id="e90120dd-651f-4b47-ba10-5a6bd698ac23" />
      <TestMethod codeBase="C:/Users/Dat/Desktop/QuanLyCafe_ver2.0/UnitTest/bin/Debug/UnitTest.DLL" adapterTypeName="Microsoft.VisualStudio.TestTools.TestTypes.Unit.UnitTestAdapter, Microsoft.VisualStudio.QualityTools.Tips.UnitTest.Adapter, Version=10.0.0.0, Culture=neutral, PublicKeyToken=b03f5f7f11d50a3a" className="UnitTest.Test_DSBan, UnitTest, Version=1.0.0.0, Culture=neutral, PublicKeyToken=null" name="KiemTraTinhTrangBan_BanTrong" />
    </UnitTest>
    <UnitTest name="TimBan_NhapMaBanDuongKhongTonTai" storage="c:\users\dat\desktop\quanlycafe_ver2.0\unittest\bin\debug\unittest.dll" id="5504126a-2122-ce4e-bafd-431766aad126">
      <Execution id="e09d9f4d-fdf8-488c-bfbe-43828e78208a" />
      <TestMethod codeBase="C:/Users/Dat/Desktop/QuanLyCafe_ver2.0/UnitTest/bin/Debug/UnitTest.DLL" adapterTypeName="Microsoft.VisualStudio.TestTools.TestTypes.Unit.UnitTestAdapter, Microsoft.VisualStudio.QualityTools.Tips.UnitTest.Adapter, Version=10.0.0.0, Culture=neutral, PublicKeyToken=b03f5f7f11d50a3a" className="UnitTest.Test_DSBan, UnitTest, Version=1.0.0.0, Culture=neutral, PublicKeyToken=null" name="TimBan_NhapMaBanDuongKhongTonTai" />
    </UnitTest>
    <UnitTest name="Test_ThuNgan2" storage="c:\users\dat\desktop\quanlycafe_ver2.0\unittest\bin\debug\unittest.dll" id="70305cc4-5d92-51bd-09e0-b5bbf19b5f6d">
      <Execution id="11719eae-868a-4ec0-a2d2-09fa1c5db0d7" />
      <TestMethod codeBase="C:/Users/Dat/Desktop/QuanLyCafe_ver2.0/UnitTest/bin/Debug/UnitTest.DLL" adapterTypeName="Microsoft.VisualStudio.TestTools.TestTypes.Unit.UnitTestAdapter, Microsoft.VisualStudio.QualityTools.Tips.UnitTest.Adapter, Version=10.0.0.0, Culture=neutral, PublicKeyToken=b03f5f7f11d50a3a" className="Test_QuanLyCafe.Test_DangNhap, UnitTest, Version=1.0.0.0, Culture=neutral, PublicKeyToken=null" name="Test_ThuNgan2" />
    </UnitTest>
    <UnitTest name="ThemMon_ThemMonThanhCong" storage="c:\users\dat\desktop\quanlycafe_ver2.0\unittest\bin\debug\unittest.dll" id="dc81981a-f73c-8a4c-f49c-d4ec530797c7">
      <Execution id="de455c5d-620e-4865-99d4-bd35607b7647" />
      <TestMethod codeBase="C:/Users/Dat/Desktop/QuanLyCafe_ver2.0/UnitTest/bin/Debug/UnitTest.DLL" adapterTypeName="Microsoft.VisualStudio.TestTools.TestTypes.Unit.UnitTestAdapter, Microsoft.VisualStudio.QualityTools.Tips.UnitTest.Adapter, Version=10.0.0.0, Culture=neutral, PublicKeyToken=b03f5f7f11d50a3a" className="UnitTest.Test_DSMon, UnitTest, Version=1.0.0.0, Culture=neutral, PublicKeyToken=null" name="ThemMon_ThemMonThanhCong" />
    </UnitTest>
    <UnitTest name="Test_QuanTri1" storage="c:\users\dat\desktop\quanlycafe_ver2.0\unittest\bin\debug\unittest.dll" id="fc80d0d6-d4f8-0082-3d0a-79f3560d90f5">
      <Execution id="e022e05c-3e0c-41ed-80b3-35e6f1eb2f43" />
      <TestMethod codeBase="C:/Users/Dat/Desktop/QuanLyCafe_ver2.0/UnitTest/bin/Debug/UnitTest.DLL" adapterTypeName="Microsoft.VisualStudio.TestTools.TestTypes.Unit.UnitTestAdapter, Microsoft.VisualStudio.QualityTools.Tips.UnitTest.Adapter, Version=10.0.0.0, Culture=neutral, PublicKeyToken=b03f5f7f11d50a3a" className="Test_QuanLyCafe.Test_DangNhap, UnitTest, Version=1.0.0.0, Culture=neutral, PublicKeyToken=null" name="Test_QuanTri1" />
    </UnitTest>
    <UnitTest name="Test_KiemTraHoaDonDaThanhToan" storage="c:\users\dat\desktop\quanlycafe_ver2.0\unittest\bin\debug\unittest.dll" id="e9f15037-3b94-ca0a-e260-6e2c6d3560db">
      <Execution id="99ede4a6-8b8e-4a09-845c-393b2af3cb53" />
      <TestMethod codeBase="C:/Users/Dat/Desktop/QuanLyCafe_ver2.0/UnitTest/bin/Debug/UnitTest.DLL" adapterTypeName="Microsoft.VisualStudio.TestTools.TestTypes.Unit.UnitTestAdapter, Microsoft.VisualStudio.QualityTools.Tips.UnitTest.Adapter, Version=10.0.0.0, Culture=neutral, PublicKeyToken=b03f5f7f11d50a3a" className="Testing.UnitTests.Test_QuanLyHoaDon, UnitTest, Version=1.0.0.0, Culture=neutral, PublicKeyToken=null" name="Test_KiemTraHoaDonDaThanhToan" />
    </UnitTest>
    <UnitTest name="Test_SoSanh_Nhohon" storage="c:\users\dat\desktop\quanlycafe_ver2.0\unittest\bin\debug\unittest.dll" id="7a329a4c-3fdd-f31c-cc7e-a6a492b374d4">
      <Execution id="a55ff492-dec2-4f18-9a56-7cff9d871820" />
      <TestMethod codeBase="C:/Users/Dat/Desktop/QuanLyCafe_ver2.0/UnitTest/bin/Debug/UnitTest.DLL" adapterTypeName="Microsoft.VisualStudio.TestTools.TestTypes.Unit.UnitTestAdapter, Microsoft.VisualStudio.QualityTools.Tips.UnitTest.Adapter, Version=10.0.0.0, Culture=neutral, PublicKeyToken=b03f5f7f11d50a3a" className="UnitTest.Test_Ban, UnitTest, Version=1.0.0.0, Culture=neutral, PublicKeyToken=null" name="Test_SoSanh_Nhohon" />
    </UnitTest>
    <UnitTest name="KiemTraTenMonTrung_NhapTenKhongTrung" storage="c:\users\dat\desktop\quanlycafe_ver2.0\unittest\bin\debug\unittest.dll" id="06b8123c-7d1f-8bac-45a7-799067530aab">
      <Execution id="c3e03d58-2f56-4fe3-b133-ae3d2f6fbb5a" />
      <TestMethod codeBase="C:/Users/Dat/Desktop/QuanLyCafe_ver2.0/UnitTest/bin/Debug/UnitTest.DLL" adapterTypeName="Microsoft.VisualStudio.TestTools.TestTypes.Unit.UnitTestAdapter, Microsoft.VisualStudio.QualityTools.Tips.UnitTest.Adapter, Version=10.0.0.0, Culture=neutral, PublicKeyToken=b03f5f7f11d50a3a" className="UnitTest.Test_DSMon, UnitTest, Version=1.0.0.0, Culture=neutral, PublicKeyToken=null" name="KiemTraTenMonTrung_NhapTenKhongTrung" />
    </UnitTest>
    <UnitTest name="KiemTraTinhTrangBan_MaBanKhongCo" storage="c:\users\dat\desktop\quanlycafe_ver2.0\unittest\bin\debug\unittest.dll" id="40a6ab72-818f-8bc3-5813-298d696cfecc">
      <Execution id="49b00f6e-accb-49bd-84bb-cc75206eaab5" />
      <TestMethod codeBase="C:/Users/Dat/Desktop/QuanLyCafe_ver2.0/UnitTest/bin/Debug/UnitTest.DLL" adapterTypeName="Microsoft.VisualStudio.TestTools.TestTypes.Unit.UnitTestAdapter, Microsoft.VisualStudio.QualityTools.Tips.UnitTest.Adapter, Version=10.0.0.0, Culture=neutral, PublicKeyToken=b03f5f7f11d50a3a" className="UnitTest.Test_DSBan, UnitTest, Version=1.0.0.0, Culture=neutral, PublicKeyToken=null" name="KiemTraTinhTrangBan_MaBanKhongCo" />
    </UnitTest>
    <UnitTest name="Test_KiemTraHoaDonDaThanhToan1" storage="c:\users\dat\desktop\quanlycafe_ver2.0\unittest\bin\debug\unittest.dll" id="f93f9ba7-60db-4d30-e04f-0ae6bb772115">
      <Execution id="6fce3527-bd21-47a0-84dc-d124cdff642b" />
      <TestMethod codeBase="C:/Users/Dat/Desktop/QuanLyCafe_ver2.0/UnitTest/bin/Debug/UnitTest.DLL" adapterTypeName="Microsoft.VisualStudio.TestTools.TestTypes.Unit.UnitTestAdapter, Microsoft.VisualStudio.QualityTools.Tips.UnitTest.Adapter, Version=10.0.0.0, Culture=neutral, PublicKeyToken=b03f5f7f11d50a3a" className="Testing.UnitTests.Test_QuanLyHoaDon, UnitTest, Version=1.0.0.0, Culture=neutral, PublicKeyToken=null" name="Test_KiemTraHoaDonDaThanhToan1" />
    </UnitTest>
    <UnitTest name="TimMon_TimThay" storage="c:\users\dat\desktop\quanlycafe_ver2.0\unittest\bin\debug\unittest.dll" id="65708783-9de6-538d-05b5-3f6cd931e7a4">
      <Execution id="8ec034ed-7203-4f81-86d0-864812f044fd" />
      <TestMethod codeBase="C:/Users/Dat/Desktop/QuanLyCafe_ver2.0/UnitTest/bin/Debug/UnitTest.DLL" adapterTypeName="Microsoft.VisualStudio.TestTools.TestTypes.Unit.UnitTestAdapter, Microsoft.VisualStudio.QualityTools.Tips.UnitTest.Adapter, Version=10.0.0.0, Culture=neutral, PublicKeyToken=b03f5f7f11d50a3a" className="UnitTest.Test_DSMon, UnitTest, Version=1.0.0.0, Culture=neutral, PublicKeyToken=null" name="TimMon_TimThay" />
    </UnitTest>
    <UnitTest name="ThemBan_NhapDungSucChua" storage="c:\users\dat\desktop\quanlycafe_ver2.0\unittest\bin\debug\unittest.dll" id="f3bd33ba-840c-ef80-6ee1-67effc662fd1">
      <Execution id="b9d1670e-7e98-4eb5-ae26-4d76603d4609" />
      <TestMethod codeBase="C:/Users/Dat/Desktop/QuanLyCafe_ver2.0/UnitTest/bin/Debug/UnitTest.DLL" adapterTypeName="Microsoft.VisualStudio.TestTools.TestTypes.Unit.UnitTestAdapter, Microsoft.VisualStudio.QualityTools.Tips.UnitTest.Adapter, Version=10.0.0.0, Culture=neutral, PublicKeyToken=b03f5f7f11d50a3a" className="UnitTest.Test_DSBan, UnitTest, Version=1.0.0.0, Culture=neutral, PublicKeyToken=null" name="ThemBan_NhapDungSucChua" />
    </UnitTest>
    <UnitTest name="CapNhat_CapNhatGiaMon" storage="c:\users\dat\desktop\quanlycafe_ver2.0\unittest\bin\debug\unittest.dll" id="0e315cd6-bf1a-28c8-1808-19e15ee2bdbb">
      <Execution id="44dd3036-2b09-49d0-a31e-bbd7e57fd7e6" />
      <TestMethod codeBase="C:/Users/Dat/Desktop/QuanLyCafe_ver2.0/UnitTest/bin/Debug/UnitTest.DLL" adapterTypeName="Microsoft.VisualStudio.TestTools.TestTypes.Unit.UnitTestAdapter, Microsoft.VisualStudio.QualityTools.Tips.UnitTest.Adapter, Version=10.0.0.0, Culture=neutral, PublicKeyToken=b03f5f7f11d50a3a" className="UnitTest.Test_DSMon, UnitTest, Version=1.0.0.0, Culture=neutral, PublicKeyToken=null" name="CapNhat_CapNhatGiaMon" />
    </UnitTest>
    <UnitTest name="SoSanh_BangNhau" storage="c:\users\dat\desktop\quanlycafe_ver2.0\unittest\bin\debug\unittest.dll" id="58fe1980-0c32-dcdf-eb1d-cd3bc8ff9413">
      <Execution id="921a1d65-999a-43b7-9126-aea458ba6f1f" />
      <TestMethod codeBase="C:/Users/Dat/Desktop/QuanLyCafe_ver2.0/UnitTest/bin/Debug/UnitTest.DLL" adapterTypeName="Microsoft.VisualStudio.TestTools.TestTypes.Unit.UnitTestAdapter, Microsoft.VisualStudio.QualityTools.Tips.UnitTest.Adapter, Version=10.0.0.0, Culture=neutral, PublicKeyToken=b03f5f7f11d50a3a" className="UnitTest.Test_Mon, UnitTest, Version=1.0.0.0, Culture=neutral, PublicKeyToken=null" name="SoSanh_BangNhau" />
    </UnitTest>
    <UnitTest name="Test_ThuNgan3" storage="c:\users\dat\desktop\quanlycafe_ver2.0\unittest\bin\debug\unittest.dll" id="cd564136-a647-1a66-b585-ffdd6091a8e0">
      <Execution id="d0539ecf-e841-4dd5-b90c-7f847a89494e" />
      <TestMethod codeBase="C:/Users/Dat/Desktop/QuanLyCafe_ver2.0/UnitTest/bin/Debug/UnitTest.DLL" adapterTypeName="Microsoft.VisualStudio.TestTools.TestTypes.Unit.UnitTestAdapter, Microsoft.VisualStudio.QualityTools.Tips.UnitTest.Adapter, Version=10.0.0.0, Culture=neutral, PublicKeyToken=b03f5f7f11d50a3a" className="Test_QuanLyCafe.Test_DangNhap, UnitTest, Version=1.0.0.0, Culture=neutral, PublicKeyToken=null" name="Test_ThuNgan3" />
    </UnitTest>
    <UnitTest name="KiemTraTinhTrangBan_BanDat" storage="c:\users\dat\desktop\quanlycafe_ver2.0\unittest\bin\debug\unittest.dll" id="d9bda122-0024-f101-1aa1-04ff4956f041">
      <Execution id="4b42b0d9-9d76-480f-9f86-740f710f4fb4" />
      <TestMethod codeBase="C:/Users/Dat/Desktop/QuanLyCafe_ver2.0/UnitTest/bin/Debug/UnitTest.DLL" adapterTypeName="Microsoft.VisualStudio.TestTools.TestTypes.Unit.UnitTestAdapter, Microsoft.VisualStudio.QualityTools.Tips.UnitTest.Adapter, Version=10.0.0.0, Culture=neutral, PublicKeyToken=b03f5f7f11d50a3a" className="UnitTest.Test_DSBan, UnitTest, Version=1.0.0.0, Culture=neutral, PublicKeyToken=null" name="KiemTraTinhTrangBan_BanDat" />
    </UnitTest>
    <UnitTest name="ThemBan_MaBanChenDau" storage="c:\users\dat\desktop\quanlycafe_ver2.0\unittest\bin\debug\unittest.dll" id="8df1f0d5-e7c9-1bb5-cca9-5dad03172cdc">
      <Execution id="ea8f25ee-1f87-441b-90ef-9e6f5d9eb00b" />
      <TestMethod codeBase="C:/Users/Dat/Desktop/QuanLyCafe_ver2.0/UnitTest/bin/Debug/UnitTest.DLL" adapterTypeName="Microsoft.VisualStudio.TestTools.TestTypes.Unit.UnitTestAdapter, Microsoft.VisualStudio.QualityTools.Tips.UnitTest.Adapter, Version=10.0.0.0, Culture=neutral, PublicKeyToken=b03f5f7f11d50a3a" className="UnitTest.Test_DSBan, UnitTest, Version=1.0.0.0, Culture=neutral, PublicKeyToken=null" name="ThemBan_MaBanChenDau" />
    </UnitTest>
    <UnitTest name="DsMonYeuCau_TimDungTheoGiaBan" storage="c:\users\dat\desktop\quanlycafe_ver2.0\unittest\bin\debug\unittest.dll" id="29b55110-f978-ad0a-d918-08fa6855787f">
      <Execution id="e0c5c1a6-b914-420d-a03c-51081bd65d9a" />
      <TestMethod codeBase="C:/Users/Dat/Desktop/QuanLyCafe_ver2.0/UnitTest/bin/Debug/UnitTest.DLL" adapterTypeName="Microsoft.VisualStudio.TestTools.TestTypes.Unit.UnitTestAdapter, Microsoft.VisualStudio.QualityTools.Tips.UnitTest.Adapter, Version=10.0.0.0, Culture=neutral, PublicKeyToken=b03f5f7f11d50a3a" className="UnitTest.Test_DSMon, UnitTest, Version=1.0.0.0, Culture=neutral, PublicKeyToken=null" name="DsMonYeuCau_TimDungTheoGiaBan" />
    </UnitTest>
    <UnitTest name="ThemBan_NhapQuaGioiHanSucChua21" storage="c:\users\dat\desktop\quanlycafe_ver2.0\unittest\bin\debug\unittest.dll" id="ded5ed6a-e441-abca-4d62-7c235a5a457a">
      <Execution id="fcf00d89-7dc9-446a-89a4-322bd3c859ab" />
      <TestMethod codeBase="C:/Users/Dat/Desktop/QuanLyCafe_ver2.0/UnitTest/bin/Debug/UnitTest.DLL" adapterTypeName="Microsoft.VisualStudio.TestTools.TestTypes.Unit.UnitTestAdapter, Microsoft.VisualStudio.QualityTools.Tips.UnitTest.Adapter, Version=10.0.0.0, Culture=neutral, PublicKeyToken=b03f5f7f11d50a3a" className="UnitTest.Test_DSBan, UnitTest, Version=1.0.0.0, Culture=neutral, PublicKeyToken=null" name="ThemBan_NhapQuaGioiHanSucChua21" />
    </UnitTest>
    <UnitTest name="Test_KiemTraMonDaTonTai" storage="c:\users\dat\desktop\quanlycafe_ver2.0\unittest\bin\debug\unittest.dll" id="229f5429-457c-9561-2e80-0fa00cb9dcfc">
      <Execution id="90e8b720-04a1-48f8-92d0-4f5966884c13" />
      <TestMethod codeBase="C:/Users/Dat/Desktop/QuanLyCafe_ver2.0/UnitTest/bin/Debug/UnitTest.DLL" adapterTypeName="Microsoft.VisualStudio.TestTools.TestTypes.Unit.UnitTestAdapter, Microsoft.VisualStudio.QualityTools.Tips.UnitTest.Adapter, Version=10.0.0.0, Culture=neutral, PublicKeyToken=b03f5f7f11d50a3a" className="Testing.UnitTests.Test_QuanLyHoaDon, UnitTest, Version=1.0.0.0, Culture=neutral, PublicKeyToken=null" name="Test_KiemTraMonDaTonTai" />
    </UnitTest>
    <UnitTest name="ThemMon_ThemMonBiTrungTen" storage="c:\users\dat\desktop\quanlycafe_ver2.0\unittest\bin\debug\unittest.dll" id="3d468620-0cac-8c97-9153-a437aaca892c">
      <Execution id="f5533a7f-72fb-42de-a214-8666e6292ac2" />
      <TestMethod codeBase="C:/Users/Dat/Desktop/QuanLyCafe_ver2.0/UnitTest/bin/Debug/UnitTest.DLL" adapterTypeName="Microsoft.VisualStudio.TestTools.TestTypes.Unit.UnitTestAdapter, Microsoft.VisualStudio.QualityTools.Tips.UnitTest.Adapter, Version=10.0.0.0, Culture=neutral, PublicKeyToken=b03f5f7f11d50a3a" className="UnitTest.Test_DSMon, UnitTest, Version=1.0.0.0, Culture=neutral, PublicKeyToken=null" name="ThemMon_ThemMonBiTrungTen" />
    </UnitTest>
    <UnitTest name="TimBan_NhapMaBanAm" storage="c:\users\dat\desktop\quanlycafe_ver2.0\unittest\bin\debug\unittest.dll" id="5ba2c898-8860-a02e-ab1a-357c6bf4f222">
      <Execution id="74c87a38-696f-4782-96dc-1adfd14865a7" />
      <TestMethod codeBase="C:/Users/Dat/Desktop/QuanLyCafe_ver2.0/UnitTest/bin/Debug/UnitTest.DLL" adapterTypeName="Microsoft.VisualStudio.TestTools.TestTypes.Unit.UnitTestAdapter, Microsoft.VisualStudio.QualityTools.Tips.UnitTest.Adapter, Version=10.0.0.0, Culture=neutral, PublicKeyToken=b03f5f7f11d50a3a" className="UnitTest.Test_DSBan, UnitTest, Version=1.0.0.0, Culture=neutral, PublicKeyToken=null" name="TimBan_NhapMaBanAm" />
    </UnitTest>
    <UnitTest name="Test_KiemTraTinhTrangBan" storage="c:\users\dat\desktop\quanlycafe_ver2.0\unittest\bin\debug\unittest.dll" id="c234d1f5-618a-9344-50a8-0c8365dbbca6">
      <Execution id="e283fec2-afdf-435e-943f-d24e0e509047" />
      <TestMethod codeBase="C:/Users/Dat/Desktop/QuanLyCafe_ver2.0/UnitTest/bin/Debug/UnitTest.DLL" adapterTypeName="Microsoft.VisualStudio.TestTools.TestTypes.Unit.UnitTestAdapter, Microsoft.VisualStudio.QualityTools.Tips.UnitTest.Adapter, Version=10.0.0.0, Culture=neutral, PublicKeyToken=b03f5f7f11d50a3a" className="Testing.UnitTests.Test_QuanLyHoaDon, UnitTest, Version=1.0.0.0, Culture=neutral, PublicKeyToken=null" name="Test_KiemTraTinhTrangBan" />
    </UnitTest>
    <UnitTest name="CapNhat_CapNhatGhiChuMon" storage="c:\users\dat\desktop\quanlycafe_ver2.0\unittest\bin\debug\unittest.dll" id="e56789c3-c298-c14a-b9d3-f1a84d2f3e8b">
      <Execution id="0fb43e4a-4261-4aaf-af68-9979d9aa774d" />
      <TestMethod codeBase="C:/Users/Dat/Desktop/QuanLyCafe_ver2.0/UnitTest/bin/Debug/UnitTest.DLL" adapterTypeName="Microsoft.VisualStudio.TestTools.TestTypes.Unit.UnitTestAdapter, Microsoft.VisualStudio.QualityTools.Tips.UnitTest.Adapter, Version=10.0.0.0, Culture=neutral, PublicKeyToken=b03f5f7f11d50a3a" className="UnitTest.Test_DSMon, UnitTest, Version=1.0.0.0, Culture=neutral, PublicKeyToken=null" name="CapNhat_CapNhatGhiChuMon" />
    </UnitTest>
    <UnitTest name="DsMonYeuCau_TimDungTenMon" storage="c:\users\dat\desktop\quanlycafe_ver2.0\unittest\bin\debug\unittest.dll" id="17e42041-4516-a87e-ff03-80180ded590a">
      <Execution id="7eb88df3-905d-4898-b52f-d57efcd125d6" />
      <TestMethod codeBase="C:/Users/Dat/Desktop/QuanLyCafe_ver2.0/UnitTest/bin/Debug/UnitTest.DLL" adapterTypeName="Microsoft.VisualStudio.TestTools.TestTypes.Unit.UnitTestAdapter, Microsoft.VisualStudio.QualityTools.Tips.UnitTest.Adapter, Version=10.0.0.0, Culture=neutral, PublicKeyToken=b03f5f7f11d50a3a" className="UnitTest.Test_DSMon, UnitTest, Version=1.0.0.0, Culture=neutral, PublicKeyToken=null" name="DsMonYeuCau_TimDungTenMon" />
    </UnitTest>
    <UnitTest name="Test_KiemTraSucChua_Dung" storage="c:\users\dat\desktop\quanlycafe_ver2.0\unittest\bin\debug\unittest.dll" id="706c525f-a63b-2ace-e558-1aa04df5541f">
      <Execution id="1d0a5d1b-2789-445e-b19a-7f08929e268c" />
      <TestMethod codeBase="C:/Users/Dat/Desktop/QuanLyCafe_ver2.0/UnitTest/bin/Debug/UnitTest.DLL" adapterTypeName="Microsoft.VisualStudio.TestTools.TestTypes.Unit.UnitTestAdapter, Microsoft.VisualStudio.QualityTools.Tips.UnitTest.Adapter, Version=10.0.0.0, Culture=neutral, PublicKeyToken=b03f5f7f11d50a3a" className="UnitTest.Test_Ban, UnitTest, Version=1.0.0.0, Culture=neutral, PublicKeyToken=null" name="Test_KiemTraSucChua_Dung" />
    </UnitTest>
    <UnitTest name="ThemBan_NhapQuaGioiHanSucChua0" storage="c:\users\dat\desktop\quanlycafe_ver2.0\unittest\bin\debug\unittest.dll" id="384b808a-d506-0c2c-6605-4a7c7e651568">
      <Execution id="68a435ef-981d-424c-8d69-ef4efdaea423" />
      <TestMethod codeBase="C:/Users/Dat/Desktop/QuanLyCafe_ver2.0/UnitTest/bin/Debug/UnitTest.DLL" adapterTypeName="Microsoft.VisualStudio.TestTools.TestTypes.Unit.UnitTestAdapter, Microsoft.VisualStudio.QualityTools.Tips.UnitTest.Adapter, Version=10.0.0.0, Culture=neutral, PublicKeyToken=b03f5f7f11d50a3a" className="UnitTest.Test_DSBan, UnitTest, Version=1.0.0.0, Culture=neutral, PublicKeyToken=null" name="ThemBan_NhapQuaGioiHanSucChua0" />
    </UnitTest>
    <UnitTest name="DsBanTrong_LayDungDSBanTrong" storage="c:\users\dat\desktop\quanlycafe_ver2.0\unittest\bin\debug\unittest.dll" id="3f36fb8e-02a1-e865-afd4-fb0edea3b1f4">
      <Execution id="59c424e8-653b-426c-a34b-edeb0dce3611" />
      <TestMethod codeBase="C:/Users/Dat/Desktop/QuanLyCafe_ver2.0/UnitTest/bin/Debug/UnitTest.DLL" adapterTypeName="Microsoft.VisualStudio.TestTools.TestTypes.Unit.UnitTestAdapter, Microsoft.VisualStudio.QualityTools.Tips.UnitTest.Adapter, Version=10.0.0.0, Culture=neutral, PublicKeyToken=b03f5f7f11d50a3a" className="UnitTest.Test_DSBan, UnitTest, Version=1.0.0.0, Culture=neutral, PublicKeyToken=null" name="DsBanTrong_LayDungDSBanTrong" />
    </UnitTest>
    <UnitTest name="DsBanDat_LayDungDSBanDat" storage="c:\users\dat\desktop\quanlycafe_ver2.0\unittest\bin\debug\unittest.dll" id="f640cdbc-7682-fa1e-584c-24d33454f385">
      <Execution id="bd279b01-c8b0-46fa-ac63-cd08272da393" />
      <TestMethod codeBase="C:/Users/Dat/Desktop/QuanLyCafe_ver2.0/UnitTest/bin/Debug/UnitTest.DLL" adapterTypeName="Microsoft.VisualStudio.TestTools.TestTypes.Unit.UnitTestAdapter, Microsoft.VisualStudio.QualityTools.Tips.UnitTest.Adapter, Version=10.0.0.0, Culture=neutral, PublicKeyToken=b03f5f7f11d50a3a" className="UnitTest.Test_DSBan, UnitTest, Version=1.0.0.0, Culture=neutral, PublicKeyToken=null" name="DsBanDat_LayDungDSBanDat" />
    </UnitTest>
    <UnitTest name="ThemBan_MaBanChenGiua" storage="c:\users\dat\desktop\quanlycafe_ver2.0\unittest\bin\debug\unittest.dll" id="d154bc88-b8a7-7a70-8ff5-21465ba4fa9c">
      <Execution id="041542a3-e2d5-4441-a3c4-81a6aa645ac4" />
      <TestMethod codeBase="C:/Users/Dat/Desktop/QuanLyCafe_ver2.0/UnitTest/bin/Debug/UnitTest.DLL" adapterTypeName="Microsoft.VisualStudio.TestTools.TestTypes.Unit.UnitTestAdapter, Microsoft.VisualStudio.QualityTools.Tips.UnitTest.Adapter, Version=10.0.0.0, Culture=neutral, PublicKeyToken=b03f5f7f11d50a3a" className="UnitTest.Test_DSBan, UnitTest, Version=1.0.0.0, Culture=neutral, PublicKeyToken=null" name="ThemBan_MaBanChenGiua" />
    </UnitTest>
    <UnitTest name="CapNhat_CapNhatTenMon" storage="c:\users\dat\desktop\quanlycafe_ver2.0\unittest\bin\debug\unittest.dll" id="43c154de-a1b3-788a-efb4-c91191131004">
      <Execution id="dfca444e-ac34-4624-99c0-cc1c808ca9c3" />
      <TestMethod codeBase="C:/Users/Dat/Desktop/QuanLyCafe_ver2.0/UnitTest/bin/Debug/UnitTest.DLL" adapterTypeName="Microsoft.VisualStudio.TestTools.TestTypes.Unit.UnitTestAdapter, Microsoft.VisualStudio.QualityTools.Tips.UnitTest.Adapter, Version=10.0.0.0, Culture=neutral, PublicKeyToken=b03f5f7f11d50a3a" className="UnitTest.Test_DSMon, UnitTest, Version=1.0.0.0, Culture=neutral, PublicKeyToken=null" name="CapNhat_CapNhatTenMon" />
    </UnitTest>
    <UnitTest name="TimBan_Thay" storage="c:\users\dat\desktop\quanlycafe_ver2.0\unittest\bin\debug\unittest.dll" id="39b7264b-ca7f-f90c-59c8-f56672af99b1">
      <Execution id="6f33038c-bd24-465e-96b1-18b8cf39b8e4" />
      <TestMethod codeBase="C:/Users/Dat/Desktop/QuanLyCafe_ver2.0/UnitTest/bin/Debug/UnitTest.DLL" adapterTypeName="Microsoft.VisualStudio.TestTools.TestTypes.Unit.UnitTestAdapter, Microsoft.VisualStudio.QualityTools.Tips.UnitTest.Adapter, Version=10.0.0.0, Culture=neutral, PublicKeyToken=b03f5f7f11d50a3a" className="UnitTest.Test_DSBan, UnitTest, Version=1.0.0.0, Culture=neutral, PublicKeyToken=null" name="TimBan_Thay" />
    </UnitTest>
    <UnitTest name="SoSanh_Nhohon" storage="c:\users\dat\desktop\quanlycafe_ver2.0\unittest\bin\debug\unittest.dll" id="68317eee-7a65-9417-129b-0adfe66804f9">
      <Execution id="136c91f7-a95a-4eef-b458-a9146fadd336" />
      <TestMethod codeBase="C:/Users/Dat/Desktop/QuanLyCafe_ver2.0/UnitTest/bin/Debug/UnitTest.DLL" adapterTypeName="Microsoft.VisualStudio.TestTools.TestTypes.Unit.UnitTestAdapter, Microsoft.VisualStudio.QualityTools.Tips.UnitTest.Adapter, Version=10.0.0.0, Culture=neutral, PublicKeyToken=b03f5f7f11d50a3a" className="UnitTest.Test_Mon, UnitTest, Version=1.0.0.0, Culture=neutral, PublicKeyToken=null" name="SoSanh_Nhohon" />
    </UnitTest>
    <UnitTest name="Test_QuanTri3" storage="c:\users\dat\desktop\quanlycafe_ver2.0\unittest\bin\debug\unittest.dll" id="3dad8991-c613-c1f9-0cb1-f41532d7eba0">
      <Execution id="bbeeaec4-0d34-48cd-8cf2-3420d88ab22b" />
      <TestMethod codeBase="C:/Users/Dat/Desktop/QuanLyCafe_ver2.0/UnitTest/bin/Debug/UnitTest.DLL" adapterTypeName="Microsoft.VisualStudio.TestTools.TestTypes.Unit.UnitTestAdapter, Microsoft.VisualStudio.QualityTools.Tips.UnitTest.Adapter, Version=10.0.0.0, Culture=neutral, PublicKeyToken=b03f5f7f11d50a3a" className="Test_QuanLyCafe.Test_DangNhap, UnitTest, Version=1.0.0.0, Culture=neutral, PublicKeyToken=null" name="Test_QuanTri3" />
    </UnitTest>
    <UnitTest name="Test_KiemTraMonDaTonTai1" storage="c:\users\dat\desktop\quanlycafe_ver2.0\unittest\bin\debug\unittest.dll" id="d1321b73-d6c9-1b1c-1641-7dd7bf98b1e3">
      <Execution id="3d867546-81a6-4ff4-953d-fb769fd452cf" />
      <TestMethod codeBase="C:/Users/Dat/Desktop/QuanLyCafe_ver2.0/UnitTest/bin/Debug/UnitTest.DLL" adapterTypeName="Microsoft.VisualStudio.TestTools.TestTypes.Unit.UnitTestAdapter, Microsoft.VisualStudio.QualityTools.Tips.UnitTest.Adapter, Version=10.0.0.0, Culture=neutral, PublicKeyToken=b03f5f7f11d50a3a" className="Testing.UnitTests.Test_QuanLyHoaDon, UnitTest, Version=1.0.0.0, Culture=neutral, PublicKeyToken=null" name="Test_KiemTraMonDaTonTai1" />
    </UnitTest>
    <UnitTest name="DsMonYeuCau_TimDungMaMon" storage="c:\users\dat\desktop\quanlycafe_ver2.0\unittest\bin\debug\unittest.dll" id="001e126a-2f03-a243-a501-c4eb5b80e5b6">
      <Execution id="2b3275f8-e5f0-48ac-8fad-c7c5a1f1224e" />
      <TestMethod codeBase="C:/Users/Dat/Desktop/QuanLyCafe_ver2.0/UnitTest/bin/Debug/UnitTest.DLL" adapterTypeName="Microsoft.VisualStudio.TestTools.TestTypes.Unit.UnitTestAdapter, Microsoft.VisualStudio.QualityTools.Tips.UnitTest.Adapter, Version=10.0.0.0, Culture=neutral, PublicKeyToken=b03f5f7f11d50a3a" className="UnitTest.Test_DSMon, UnitTest, Version=1.0.0.0, Culture=neutral, PublicKeyToken=null" name="DsMonYeuCau_TimDungMaMon" />
    </UnitTest>
    <UnitTest name="Test_KiemTraTinhTrangBan1" storage="c:\users\dat\desktop\quanlycafe_ver2.0\unittest\bin\debug\unittest.dll" id="95492612-57b2-66ce-e4ea-287d48f488bb">
      <Execution id="833d844b-1817-4838-8451-80a226b733f9" />
      <TestMethod codeBase="C:/Users/Dat/Desktop/QuanLyCafe_ver2.0/UnitTest/bin/Debug/UnitTest.DLL" adapterTypeName="Microsoft.VisualStudio.TestTools.TestTypes.Unit.UnitTestAdapter, Microsoft.VisualStudio.QualityTools.Tips.UnitTest.Adapter, Version=10.0.0.0, Culture=neutral, PublicKeyToken=b03f5f7f11d50a3a" className="Testing.UnitTests.Test_QuanLyHoaDon, UnitTest, Version=1.0.0.0, Culture=neutral, PublicKeyToken=null" name="Test_KiemTraTinhTrangBan1" />
    </UnitTest>
    <UnitTest name="TimMon_NhapMaMonAm" storage="c:\users\dat\desktop\quanlycafe_ver2.0\unittest\bin\debug\unittest.dll" id="c4080441-b38c-51ba-bef3-591104a596b7">
      <Execution id="8f6f02ca-1818-40c0-8b9d-458a16734f26" />
      <TestMethod codeBase="C:/Users/Dat/Desktop/QuanLyCafe_ver2.0/UnitTest/bin/Debug/UnitTest.DLL" adapterTypeName="Microsoft.VisualStudio.TestTools.TestTypes.Unit.UnitTestAdapter, Microsoft.VisualStudio.QualityTools.Tips.UnitTest.Adapter, Version=10.0.0.0, Culture=neutral, PublicKeyToken=b03f5f7f11d50a3a" className="UnitTest.Test_DSMon, UnitTest, Version=1.0.0.0, Culture=neutral, PublicKeyToken=null" name="TimMon_NhapMaMonAm" />
    </UnitTest>
    <UnitTest name="SoSanh_LonHon" storage="c:\users\dat\desktop\quanlycafe_ver2.0\unittest\bin\debug\unittest.dll" id="22fdcd41-63c2-79b1-3370-fcdab5527a48">
      <Execution id="f109b6dc-495f-49fd-a92e-f98a4d51da7f" />
      <TestMethod codeBase="C:/Users/Dat/Desktop/QuanLyCafe_ver2.0/UnitTest/bin/Debug/UnitTest.DLL" adapterTypeName="Microsoft.VisualStudio.TestTools.TestTypes.Unit.UnitTestAdapter, Microsoft.VisualStudio.QualityTools.Tips.UnitTest.Adapter, Version=10.0.0.0, Culture=neutral, PublicKeyToken=b03f5f7f11d50a3a" className="UnitTest.Test_Mon, UnitTest, Version=1.0.0.0, Culture=neutral, PublicKeyToken=null" name="SoSanh_LonHon" />
    </UnitTest>
    <UnitTest name="Test_SoSanh_LonHon" storage="c:\users\dat\desktop\quanlycafe_ver2.0\unittest\bin\debug\unittest.dll" id="d9c1ca57-4f3d-61ab-2bd0-8e97c57ef602">
      <Execution id="3f914e93-8613-4634-8bb6-f19893e7b37d" />
      <TestMethod codeBase="C:/Users/Dat/Desktop/QuanLyCafe_ver2.0/UnitTest/bin/Debug/UnitTest.DLL" adapterTypeName="Microsoft.VisualStudio.TestTools.TestTypes.Unit.UnitTestAdapter, Microsoft.VisualStudio.QualityTools.Tips.UnitTest.Adapter, Version=10.0.0.0, Culture=neutral, PublicKeyToken=b03f5f7f11d50a3a" className="UnitTest.Test_Ban, UnitTest, Version=1.0.0.0, Culture=neutral, PublicKeyToken=null" name="Test_SoSanh_LonHon" />
    </UnitTest>
    <UnitTest name="Test_ThuNgan1" storage="c:\users\dat\desktop\quanlycafe_ver2.0\unittest\bin\debug\unittest.dll" id="997a3c0b-1986-2d64-a11b-a9fbec68ec27">
      <Execution id="3a6945c7-cd8f-4a30-9626-6837ae4a1fd7" />
      <TestMethod codeBase="C:/Users/Dat/Desktop/QuanLyCafe_ver2.0/UnitTest/bin/Debug/UnitTest.DLL" adapterTypeName="Microsoft.VisualStudio.TestTools.TestTypes.Unit.UnitTestAdapter, Microsoft.VisualStudio.QualityTools.Tips.UnitTest.Adapter, Version=10.0.0.0, Culture=neutral, PublicKeyToken=b03f5f7f11d50a3a" className="Test_QuanLyCafe.Test_DangNhap, UnitTest, Version=1.0.0.0, Culture=neutral, PublicKeyToken=null" name="Test_ThuNgan1" />
    </UnitTest>
    <UnitTest name="KiemTraTenMonTrung_NhapTenTrung" storage="c:\users\dat\desktop\quanlycafe_ver2.0\unittest\bin\debug\unittest.dll" id="13ab6e93-5baf-08bc-7cee-b6d4ca43a615">
      <Execution id="73ba8a03-6a8a-4fd7-9bac-ff0f0cbbf66b" />
      <TestMethod codeBase="C:/Users/Dat/Desktop/QuanLyCafe_ver2.0/UnitTest/bin/Debug/UnitTest.DLL" adapterTypeName="Microsoft.VisualStudio.TestTools.TestTypes.Unit.UnitTestAdapter, Microsoft.VisualStudio.QualityTools.Tips.UnitTest.Adapter, Version=10.0.0.0, Culture=neutral, PublicKeyToken=b03f5f7f11d50a3a" className="UnitTest.Test_DSMon, UnitTest, Version=1.0.0.0, Culture=neutral, PublicKeyToken=null" name="KiemTraTenMonTrung_NhapTenTrung" />
    </UnitTest>
    <UnitTest name="ThemBan_NhapSucChuaAm" storage="c:\users\dat\desktop\quanlycafe_ver2.0\unittest\bin\debug\unittest.dll" id="d9276523-08ee-3a7b-be05-b0c9880ceb9f">
      <Execution id="ae5485e4-5f20-48dd-9f21-219aa564cff3" />
      <TestMethod codeBase="C:/Users/Dat/Desktop/QuanLyCafe_ver2.0/UnitTest/bin/Debug/UnitTest.DLL" adapterTypeName="Microsoft.VisualStudio.TestTools.TestTypes.Unit.UnitTestAdapter, Microsoft.VisualStudio.QualityTools.Tips.UnitTest.Adapter, Version=10.0.0.0, Culture=neutral, PublicKeyToken=b03f5f7f11d50a3a" className="UnitTest.Test_DSBan, UnitTest, Version=1.0.0.0, Culture=neutral, PublicKeyToken=null" name="ThemBan_NhapSucChuaAm" />
    </UnitTest>
    <UnitTest name="Test_QuanTri2" storage="c:\users\dat\desktop\quanlycafe_ver2.0\unittest\bin\debug\unittest.dll" id="7689427c-86a4-42a4-f714-a7a94b8e2669">
      <Execution id="6d7eb67a-e770-4c3f-94fa-4eef49507119" />
      <TestMethod codeBase="C:/Users/Dat/Desktop/QuanLyCafe_ver2.0/UnitTest/bin/Debug/UnitTest.DLL" adapterTypeName="Microsoft.VisualStudio.TestTools.TestTypes.Unit.UnitTestAdapter, Microsoft.VisualStudio.QualityTools.Tips.UnitTest.Adapter, Version=10.0.0.0, Culture=neutral, PublicKeyToken=b03f5f7f11d50a3a" className="Test_QuanLyCafe.Test_DangNhap, UnitTest, Version=1.0.0.0, Culture=neutral, PublicKeyToken=null" name="Test_QuanTri2" />
    </UnitTest>
    <UnitTest name="ThemBan_MaBanChenCuoi" storage="c:\users\dat\desktop\quanlycafe_ver2.0\unittest\bin\debug\unittest.dll" id="7e3dccb6-9d26-926e-5d6e-9e5311be4e07">
      <Execution id="e1cdf849-99db-4981-b635-b6a8eecc35eb" />
      <TestMethod codeBase="C:/Users/Dat/Desktop/QuanLyCafe_ver2.0/UnitTest/bin/Debug/UnitTest.DLL" adapterTypeName="Microsoft.VisualStudio.TestTools.TestTypes.Unit.UnitTestAdapter, Microsoft.VisualStudio.QualityTools.Tips.UnitTest.Adapter, Version=10.0.0.0, Culture=neutral, PublicKeyToken=b03f5f7f11d50a3a" className="UnitTest.Test_DSBan, UnitTest, Version=1.0.0.0, Culture=neutral, PublicKeyToken=null" name="ThemBan_MaBanChenCuoi" />
    </UnitTest>
    <UnitTest name="DsBanYeuCau_TimTheoDungMa" storage="c:\users\dat\desktop\quanlycafe_ver2.0\unittest\bin\debug\unittest.dll" id="a6dd8555-465c-67ad-6dd0-2f32b89c9fa6">
      <Execution id="243e3374-3384-4379-8baf-c7bd5b0580b5" />
      <TestMethod codeBase="C:/Users/Dat/Desktop/QuanLyCafe_ver2.0/UnitTest/bin/Debug/UnitTest.DLL" adapterTypeName="Microsoft.VisualStudio.TestTools.TestTypes.Unit.UnitTestAdapter, Microsoft.VisualStudio.QualityTools.Tips.UnitTest.Adapter, Version=10.0.0.0, Culture=neutral, PublicKeyToken=b03f5f7f11d50a3a" className="UnitTest.Test_DSBan, UnitTest, Version=1.0.0.0, Culture=neutral, PublicKeyToken=null" name="DsBanYeuCau_TimTheoDungMa" />
    </UnitTest>
    <UnitTest name="TimMon_NhapMaMonDuongKhongTonTai" storage="c:\users\dat\desktop\quanlycafe_ver2.0\unittest\bin\debug\unittest.dll" id="99efb3d3-663f-929d-6532-615f7f0d2cb2">
      <Execution id="21b9ee80-d3bb-466a-ba94-c1ad8670bc97" />
      <TestMethod codeBase="C:/Users/Dat/Desktop/QuanLyCafe_ver2.0/UnitTest/bin/Debug/UnitTest.DLL" adapterTypeName="Microsoft.VisualStudio.TestTools.TestTypes.Unit.UnitTestAdapter, Microsoft.VisualStudio.QualityTools.Tips.UnitTest.Adapter, Version=10.0.0.0, Culture=neutral, PublicKeyToken=b03f5f7f11d50a3a" className="UnitTest.Test_DSMon, UnitTest, Version=1.0.0.0, Culture=neutral, PublicKeyToken=null" name="TimMon_NhapMaMonDuongKhongTonTai" />
    </UnitTest>
    <UnitTest name="Test_SoSanh_BangNhau" storage="c:\users\dat\desktop\quanlycafe_ver2.0\unittest\bin\debug\unittest.dll" id="f0234b3c-f46c-0e01-65e8-c42627450b4c">
      <Execution id="45593798-bf05-43e4-83f9-2a5bd10d0541" />
      <TestMethod codeBase="C:/Users/Dat/Desktop/QuanLyCafe_ver2.0/UnitTest/bin/Debug/UnitTest.DLL" adapterTypeName="Microsoft.VisualStudio.TestTools.TestTypes.Unit.UnitTestAdapter, Microsoft.VisualStudio.QualityTools.Tips.UnitTest.Adapter, Version=10.0.0.0, Culture=neutral, PublicKeyToken=b03f5f7f11d50a3a" className="UnitTest.Test_Ban, UnitTest, Version=1.0.0.0, Culture=neutral, PublicKeyToken=null" name="Test_SoSanh_BangNhau" />
    </UnitTest>
    <UnitTest name="Test_KiemTraSucChua_Sai" storage="c:\users\dat\desktop\quanlycafe_ver2.0\unittest\bin\debug\unittest.dll" id="bf99b1ce-4fcb-573f-3f9e-eecece941c19">
      <Execution id="acf4f961-fcc4-4df7-8c85-89b4229dd256" />
      <TestMethod codeBase="C:/Users/Dat/Desktop/QuanLyCafe_ver2.0/UnitTest/bin/Debug/UnitTest.DLL" adapterTypeName="Microsoft.VisualStudio.TestTools.TestTypes.Unit.UnitTestAdapter, Microsoft.VisualStudio.QualityTools.Tips.UnitTest.Adapter, Version=10.0.0.0, Culture=neutral, PublicKeyToken=b03f5f7f11d50a3a" className="UnitTest.Test_Ban, UnitTest, Version=1.0.0.0, Culture=neutral, PublicKeyToken=null" name="Test_KiemTraSucChua_Sai" />
    </UnitTest>
    <UnitTest name="DsBanYeuCau_TimTheoDungSucChua" storage="c:\users\dat\desktop\quanlycafe_ver2.0\unittest\bin\debug\unittest.dll" id="853dad75-5dc6-becf-634f-122a40f3c54d">
      <Execution id="2b7aed38-1ebb-458c-b51b-00653884691c" />
      <TestMethod codeBase="C:/Users/Dat/Desktop/QuanLyCafe_ver2.0/UnitTest/bin/Debug/UnitTest.DLL" adapterTypeName="Microsoft.VisualStudio.TestTools.TestTypes.Unit.UnitTestAdapter, Microsoft.VisualStudio.QualityTools.Tips.UnitTest.Adapter, Version=10.0.0.0, Culture=neutral, PublicKeyToken=b03f5f7f11d50a3a" className="UnitTest.Test_DSBan, UnitTest, Version=1.0.0.0, Culture=neutral, PublicKeyToken=null" name="DsBanYeuCau_TimTheoDungSucChua" />
    </UnitTest>
  </TestDefinitions>
  <TestLists>
    <TestList name="Results Not in a List" id="8c84fa94-04c1-424b-9868-57a2d4851a1d" />
    <TestList name="All Loaded Results" id="19431567-8539-422a-85d7-44ee4e166bda" />
  </TestLists>
  <TestEntries>
    <TestEntry testId="001e126a-2f03-a243-a501-c4eb5b80e5b6" executionId="2b3275f8-e5f0-48ac-8fad-c7c5a1f1224e" testListId="8c84fa94-04c1-424b-9868-57a2d4851a1d" />
    <TestEntry testId="06b8123c-7d1f-8bac-45a7-799067530aab" executionId="c3e03d58-2f56-4fe3-b133-ae3d2f6fbb5a" testListId="8c84fa94-04c1-424b-9868-57a2d4851a1d" />
    <TestEntry testId="0e315cd6-bf1a-28c8-1808-19e15ee2bdbb" executionId="44dd3036-2b09-49d0-a31e-bbd7e57fd7e6" testListId="8c84fa94-04c1-424b-9868-57a2d4851a1d" />
    <TestEntry testId="13ab6e93-5baf-08bc-7cee-b6d4ca43a615" executionId="73ba8a03-6a8a-4fd7-9bac-ff0f0cbbf66b" testListId="8c84fa94-04c1-424b-9868-57a2d4851a1d" />
    <TestEntry testId="17e42041-4516-a87e-ff03-80180ded590a" executionId="7eb88df3-905d-4898-b52f-d57efcd125d6" testListId="8c84fa94-04c1-424b-9868-57a2d4851a1d" />
    <TestEntry testId="229f5429-457c-9561-2e80-0fa00cb9dcfc" executionId="90e8b720-04a1-48f8-92d0-4f5966884c13" testListId="8c84fa94-04c1-424b-9868-57a2d4851a1d" />
    <TestEntry testId="22fdcd41-63c2-79b1-3370-fcdab5527a48" executionId="f109b6dc-495f-49fd-a92e-f98a4d51da7f" testListId="8c84fa94-04c1-424b-9868-57a2d4851a1d" />
    <TestEntry testId="29b55110-f978-ad0a-d918-08fa6855787f" executionId="e0c5c1a6-b914-420d-a03c-51081bd65d9a" testListId="8c84fa94-04c1-424b-9868-57a2d4851a1d" />
    <TestEntry testId="384b808a-d506-0c2c-6605-4a7c7e651568" executionId="68a435ef-981d-424c-8d69-ef4efdaea423" testListId="8c84fa94-04c1-424b-9868-57a2d4851a1d" />
    <TestEntry testId="39b7264b-ca7f-f90c-59c8-f56672af99b1" executionId="6f33038c-bd24-465e-96b1-18b8cf39b8e4" testListId="8c84fa94-04c1-424b-9868-57a2d4851a1d" />
    <TestEntry testId="3d468620-0cac-8c97-9153-a437aaca892c" executionId="f5533a7f-72fb-42de-a214-8666e6292ac2" testListId="8c84fa94-04c1-424b-9868-57a2d4851a1d" />
    <TestEntry testId="3dad8991-c613-c1f9-0cb1-f41532d7eba0" executionId="bbeeaec4-0d34-48cd-8cf2-3420d88ab22b" testListId="8c84fa94-04c1-424b-9868-57a2d4851a1d" />
    <TestEntry testId="3df2cd00-3c06-f507-5b91-3e8795b36070" executionId="e90120dd-651f-4b47-ba10-5a6bd698ac23" testListId="8c84fa94-04c1-424b-9868-57a2d4851a1d" />
    <TestEntry testId="3f36fb8e-02a1-e865-afd4-fb0edea3b1f4" executionId="59c424e8-653b-426c-a34b-edeb0dce3611" testListId="8c84fa94-04c1-424b-9868-57a2d4851a1d" />
    <TestEntry testId="40a6ab72-818f-8bc3-5813-298d696cfecc" executionId="49b00f6e-accb-49bd-84bb-cc75206eaab5" testListId="8c84fa94-04c1-424b-9868-57a2d4851a1d" />
    <TestEntry testId="43c154de-a1b3-788a-efb4-c91191131004" executionId="dfca444e-ac34-4624-99c0-cc1c808ca9c3" testListId="8c84fa94-04c1-424b-9868-57a2d4851a1d" />
    <TestEntry testId="5504126a-2122-ce4e-bafd-431766aad126" executionId="e09d9f4d-fdf8-488c-bfbe-43828e78208a" testListId="8c84fa94-04c1-424b-9868-57a2d4851a1d" />
    <TestEntry testId="58fe1980-0c32-dcdf-eb1d-cd3bc8ff9413" executionId="921a1d65-999a-43b7-9126-aea458ba6f1f" testListId="8c84fa94-04c1-424b-9868-57a2d4851a1d" />
    <TestEntry testId="5ba2c898-8860-a02e-ab1a-357c6bf4f222" executionId="74c87a38-696f-4782-96dc-1adfd14865a7" testListId="8c84fa94-04c1-424b-9868-57a2d4851a1d" />
    <TestEntry testId="65708783-9de6-538d-05b5-3f6cd931e7a4" executionId="8ec034ed-7203-4f81-86d0-864812f044fd" testListId="8c84fa94-04c1-424b-9868-57a2d4851a1d" />
    <TestEntry testId="68317eee-7a65-9417-129b-0adfe66804f9" executionId="136c91f7-a95a-4eef-b458-a9146fadd336" testListId="8c84fa94-04c1-424b-9868-57a2d4851a1d" />
    <TestEntry testId="70305cc4-5d92-51bd-09e0-b5bbf19b5f6d" executionId="11719eae-868a-4ec0-a2d2-09fa1c5db0d7" testListId="8c84fa94-04c1-424b-9868-57a2d4851a1d" />
    <TestEntry testId="706c525f-a63b-2ace-e558-1aa04df5541f" executionId="1d0a5d1b-2789-445e-b19a-7f08929e268c" testListId="8c84fa94-04c1-424b-9868-57a2d4851a1d" />
    <TestEntry testId="7689427c-86a4-42a4-f714-a7a94b8e2669" executionId="6d7eb67a-e770-4c3f-94fa-4eef49507119" testListId="8c84fa94-04c1-424b-9868-57a2d4851a1d" />
    <TestEntry testId="7a329a4c-3fdd-f31c-cc7e-a6a492b374d4" executionId="a55ff492-dec2-4f18-9a56-7cff9d871820" testListId="8c84fa94-04c1-424b-9868-57a2d4851a1d" />
    <TestEntry testId="7e3dccb6-9d26-926e-5d6e-9e5311be4e07" executionId="e1cdf849-99db-4981-b635-b6a8eecc35eb" testListId="8c84fa94-04c1-424b-9868-57a2d4851a1d" />
    <TestEntry testId="853dad75-5dc6-becf-634f-122a40f3c54d" executionId="2b7aed38-1ebb-458c-b51b-00653884691c" testListId="8c84fa94-04c1-424b-9868-57a2d4851a1d" />
    <TestEntry testId="8df1f0d5-e7c9-1bb5-cca9-5dad03172cdc" executionId="ea8f25ee-1f87-441b-90ef-9e6f5d9eb00b" testListId="8c84fa94-04c1-424b-9868-57a2d4851a1d" />
    <TestEntry testId="95492612-57b2-66ce-e4ea-287d48f488bb" executionId="833d844b-1817-4838-8451-80a226b733f9" testListId="8c84fa94-04c1-424b-9868-57a2d4851a1d" />
    <TestEntry testId="997a3c0b-1986-2d64-a11b-a9fbec68ec27" executionId="3a6945c7-cd8f-4a30-9626-6837ae4a1fd7" testListId="8c84fa94-04c1-424b-9868-57a2d4851a1d" />
    <TestEntry testId="99efb3d3-663f-929d-6532-615f7f0d2cb2" executionId="21b9ee80-d3bb-466a-ba94-c1ad8670bc97" testListId="8c84fa94-04c1-424b-9868-57a2d4851a1d" />
    <TestEntry testId="a6dd8555-465c-67ad-6dd0-2f32b89c9fa6" executionId="243e3374-3384-4379-8baf-c7bd5b0580b5" testListId="8c84fa94-04c1-424b-9868-57a2d4851a1d" />
    <TestEntry testId="bf99b1ce-4fcb-573f-3f9e-eecece941c19" executionId="acf4f961-fcc4-4df7-8c85-89b4229dd256" testListId="8c84fa94-04c1-424b-9868-57a2d4851a1d" />
    <TestEntry testId="c234d1f5-618a-9344-50a8-0c8365dbbca6" executionId="e283fec2-afdf-435e-943f-d24e0e509047" testListId="8c84fa94-04c1-424b-9868-57a2d4851a1d" />
    <TestEntry testId="c4080441-b38c-51ba-bef3-591104a596b7" executionId="8f6f02ca-1818-40c0-8b9d-458a16734f26" testListId="8c84fa94-04c1-424b-9868-57a2d4851a1d" />
    <TestEntry testId="cd564136-a647-1a66-b585-ffdd6091a8e0" executionId="d0539ecf-e841-4dd5-b90c-7f847a89494e" testListId="8c84fa94-04c1-424b-9868-57a2d4851a1d" />
    <TestEntry testId="d1321b73-d6c9-1b1c-1641-7dd7bf98b1e3" executionId="3d867546-81a6-4ff4-953d-fb769fd452cf" testListId="8c84fa94-04c1-424b-9868-57a2d4851a1d" />
    <TestEntry testId="d154bc88-b8a7-7a70-8ff5-21465ba4fa9c" executionId="041542a3-e2d5-4441-a3c4-81a6aa645ac4" testListId="8c84fa94-04c1-424b-9868-57a2d4851a1d" />
    <TestEntry testId="d9276523-08ee-3a7b-be05-b0c9880ceb9f" executionId="ae5485e4-5f20-48dd-9f21-219aa564cff3" testListId="8c84fa94-04c1-424b-9868-57a2d4851a1d" />
    <TestEntry testId="d9bda122-0024-f101-1aa1-04ff4956f041" executionId="4b42b0d9-9d76-480f-9f86-740f710f4fb4" testListId="8c84fa94-04c1-424b-9868-57a2d4851a1d" />
    <TestEntry testId="d9c1ca57-4f3d-61ab-2bd0-8e97c57ef602" executionId="3f914e93-8613-4634-8bb6-f19893e7b37d" testListId="8c84fa94-04c1-424b-9868-57a2d4851a1d" />
    <TestEntry testId="dc81981a-f73c-8a4c-f49c-d4ec530797c7" executionId="de455c5d-620e-4865-99d4-bd35607b7647" testListId="8c84fa94-04c1-424b-9868-57a2d4851a1d" />
    <TestEntry testId="ded5ed6a-e441-abca-4d62-7c235a5a457a" executionId="fcf00d89-7dc9-446a-89a4-322bd3c859ab" testListId="8c84fa94-04c1-424b-9868-57a2d4851a1d" />
    <TestEntry testId="e56789c3-c298-c14a-b9d3-f1a84d2f3e8b" executionId="0fb43e4a-4261-4aaf-af68-9979d9aa774d" testListId="8c84fa94-04c1-424b-9868-57a2d4851a1d" />
    <TestEntry testId="e9f15037-3b94-ca0a-e260-6e2c6d3560db" executionId="99ede4a6-8b8e-4a09-845c-393b2af3cb53" testListId="8c84fa94-04c1-424b-9868-57a2d4851a1d" />
    <TestEntry testId="f0234b3c-f46c-0e01-65e8-c42627450b4c" executionId="45593798-bf05-43e4-83f9-2a5bd10d0541" testListId="8c84fa94-04c1-424b-9868-57a2d4851a1d" />
    <TestEntry testId="f3bd33ba-840c-ef80-6ee1-67effc662fd1" executionId="b9d1670e-7e98-4eb5-ae26-4d76603d4609" testListId="8c84fa94-04c1-424b-9868-57a2d4851a1d" />
    <TestEntry testId="f640cdbc-7682-fa1e-584c-24d33454f385" executionId="bd279b01-c8b0-46fa-ac63-cd08272da393" testListId="8c84fa94-04c1-424b-9868-57a2d4851a1d" />
    <TestEntry testId="f93f9ba7-60db-4d30-e04f-0ae6bb772115" executionId="6fce3527-bd21-47a0-84dc-d124cdff642b" testListId="8c84fa94-04c1-424b-9868-57a2d4851a1d" />
    <TestEntry testId="fc80d0d6-d4f8-0082-3d0a-79f3560d90f5" executionId="e022e05c-3e0c-41ed-80b3-35e6f1eb2f43" testListId="8c84fa94-04c1-424b-9868-57a2d4851a1d" />
  </TestEntries>
  <Results>
    <UnitTestResult executionId="2b3275f8-e5f0-48ac-8fad-c7c5a1f1224e" testId="001e126a-2f03-a243-a501-c4eb5b80e5b6" testName="DsMonYeuCau_TimDungMaMon" computerName="DAT" duration="00:00:00.0120791" startTime="2019-11-17T22:37:38.1575291+07:00" endTime="2019-11-17T22:37:38.3669696+07:00" testType="13cdc9d9-ddb5-4fa4-a97d-d965ccfc6d4b" outcome="Passed" testListId="8c84fa94-04c1-424b-9868-57a2d4851a1d" relativeResultsDirectory="2b3275f8-e5f0-48ac-8fad-c7c5a1f1224e">
    </UnitTestResult>
    <UnitTestResult executionId="c3e03d58-2f56-4fe3-b133-ae3d2f6fbb5a" testId="06b8123c-7d1f-8bac-45a7-799067530aab" testName="KiemTraTenMonTrung_NhapTenKhongTrung" computerName="DAT" duration="00:00:00.0004877" startTime="2019-11-17T22:37:38.3749481+07:00" endTime="2019-11-17T22:37:38.3779388+07:00" testType="13cdc9d9-ddb5-4fa4-a97d-d965ccfc6d4b" outcome="Passed" testListId="8c84fa94-04c1-424b-9868-57a2d4851a1d" relativeResultsDirectory="c3e03d58-2f56-4fe3-b133-ae3d2f6fbb5a">
    </UnitTestResult>
    <UnitTestResult executionId="44dd3036-2b09-49d0-a31e-bbd7e57fd7e6" testId="0e315cd6-bf1a-28c8-1808-19e15ee2bdbb" testName="CapNhat_CapNhatGiaMon" computerName="DAT" duration="00:00:00.0004658" startTime="2019-11-17T22:37:38.3889106+07:00" endTime="2019-11-17T22:37:38.3938967+07:00" testType="13cdc9d9-ddb5-4fa4-a97d-d965ccfc6d4b" outcome="Passed" testListId="8c84fa94-04c1-424b-9868-57a2d4851a1d" relativeResultsDirectory="44dd3036-2b09-49d0-a31e-bbd7e57fd7e6">
    </UnitTestResult>
    <UnitTestResult executionId="73ba8a03-6a8a-4fd7-9bac-ff0f0cbbf66b" testId="13ab6e93-5baf-08bc-7cee-b6d4ca43a615" testName="KiemTraTenMonTrung_NhapTenTrung" computerName="DAT" duration="00:00:00.0001280" startTime="2019-11-17T22:37:38.4038695+07:00" endTime="2019-11-17T22:37:38.4058643+07:00" testType="13cdc9d9-ddb5-4fa4-a97d-d965ccfc6d4b" outcome="Passed" testListId="8c84fa94-04c1-424b-9868-57a2d4851a1d" relativeResultsDirectory="73ba8a03-6a8a-4fd7-9bac-ff0f0cbbf66b">
    </UnitTestResult>
    <UnitTestResult executionId="7eb88df3-905d-4898-b52f-d57efcd125d6" testId="17e42041-4516-a87e-ff03-80180ded590a" testName="DsMonYeuCau_TimDungTenMon" computerName="DAT" duration="00:00:00.0007771" startTime="2019-11-17T22:37:38.4138430+07:00" endTime="2019-11-17T22:37:38.4168356+07:00" testType="13cdc9d9-ddb5-4fa4-a97d-d965ccfc6d4b" outcome="Passed" testListId="8c84fa94-04c1-424b-9868-57a2d4851a1d" relativeResultsDirectory="7eb88df3-905d-4898-b52f-d57efcd125d6">
    </UnitTestResult>
    <UnitTestResult executionId="90e8b720-04a1-48f8-92d0-4f5966884c13" testId="229f5429-457c-9561-2e80-0fa00cb9dcfc" testName="Test_KiemTraMonDaTonTai" computerName="DAT" duration="00:00:00.0395618" startTime="2019-11-17T22:37:38.4248190+07:00" endTime="2019-11-17T22:37:38.4676998+07:00" testType="13cdc9d9-ddb5-4fa4-a97d-d965ccfc6d4b" outcome="Passed" testListId="8c84fa94-04c1-424b-9868-57a2d4851a1d" relativeResultsDirectory="90e8b720-04a1-48f8-92d0-4f5966884c13">
    </UnitTestResult>
    <UnitTestResult executionId="f109b6dc-495f-49fd-a92e-f98a4d51da7f" testId="22fdcd41-63c2-79b1-3370-fcdab5527a48" testName="SoSanh_LonHon" computerName="DAT" duration="00:00:00.0003899" startTime="2019-11-17T22:37:38.4756786+07:00" endTime="2019-11-17T22:37:38.4786695+07:00" testType="13cdc9d9-ddb5-4fa4-a97d-d965ccfc6d4b" outcome="Passed" testListId="8c84fa94-04c1-424b-9868-57a2d4851a1d" relativeResultsDirectory="f109b6dc-495f-49fd-a92e-f98a4d51da7f">
    </UnitTestResult>
    <UnitTestResult executionId="e0c5c1a6-b914-420d-a03c-51081bd65d9a" testId="29b55110-f978-ad0a-d918-08fa6855787f" testName="DsMonYeuCau_TimDungTheoGiaBan" computerName="DAT" duration="00:00:00.0002397" startTime="2019-11-17T22:37:38.4856505+07:00" endTime="2019-11-17T22:37:38.4886434+07:00" testType="13cdc9d9-ddb5-4fa4-a97d-d965ccfc6d4b" outcome="Passed" testListId="8c84fa94-04c1-424b-9868-57a2d4851a1d" relativeResultsDirectory="e0c5c1a6-b914-420d-a03c-51081bd65d9a">
    </UnitTestResult>
    <UnitTestResult executionId="68a435ef-981d-424c-8d69-ef4efdaea423" testId="384b808a-d506-0c2c-6605-4a7c7e651568" testName="ThemBan_NhapQuaGioiHanSucChua0" computerName="DAT" duration="00:00:00.0012325" startTime="2019-11-17T22:37:38.4966220+07:00" endTime="2019-11-17T22:37:38.5006113+07:00" testType="13cdc9d9-ddb5-4fa4-a97d-d965ccfc6d4b" outcome="Passed" testListId="8c84fa94-04c1-424b-9868-57a2d4851a1d" relativeResultsDirectory="68a435ef-981d-424c-8d69-ef4efdaea423">
    </UnitTestResult>
    <UnitTestResult executionId="6f33038c-bd24-465e-96b1-18b8cf39b8e4" testId="39b7264b-ca7f-f90c-59c8-f56672af99b1" testName="TimBan_Thay" computerName="DAT" duration="00:00:00.0005075" startTime="2019-11-17T22:37:38.5075928+07:00" endTime="2019-11-17T22:37:38.5105853+07:00" testType="13cdc9d9-ddb5-4fa4-a97d-d965ccfc6d4b" outcome="Passed" testListId="8c84fa94-04c1-424b-9868-57a2d4851a1d" relativeResultsDirectory="6f33038c-bd24-465e-96b1-18b8cf39b8e4">
    </UnitTestResult>
    <UnitTestResult executionId="f5533a7f-72fb-42de-a214-8666e6292ac2" testId="3d468620-0cac-8c97-9153-a437aaca892c" testName="ThemMon_ThemMonBiTrungTen" computerName="DAT" duration="00:00:00.0004754" startTime="2019-11-17T22:37:38.5175667+07:00" endTime="2019-11-17T22:37:38.5205575+07:00" testType="13cdc9d9-ddb5-4fa4-a97d-d965ccfc6d4b" outcome="Passed" testListId="8c84fa94-04c1-424b-9868-57a2d4851a1d" relativeResultsDirectory="f5533a7f-72fb-42de-a214-8666e6292ac2">
    </UnitTestResult>
    <UnitTestResult executionId="bbeeaec4-0d34-48cd-8cf2-3420d88ab22b" testId="3dad8991-c613-c1f9-0cb1-f41532d7eba0" testName="Test_QuanTri3" computerName="DAT" duration="00:00:03.7850794" startTime="2019-11-17T22:37:38.5265412+07:00" endTime="2019-11-17T22:37:42.3146893+07:00" testType="13cdc9d9-ddb5-4fa4-a97d-d965ccfc6d4b" outcome="Passed" testListId="8c84fa94-04c1-424b-9868-57a2d4851a1d" relativeResultsDirectory="bbeeaec4-0d34-48cd-8cf2-3420d88ab22b">
    </UnitTestResult>
    <UnitTestResult executionId="e90120dd-651f-4b47-ba10-5a6bd698ac23" testId="3df2cd00-3c06-f507-5b91-3e8795b36070" testName="KiemTraTinhTrangBan_BanTrong" computerName="DAT" duration="00:00:00.0008900" startTime="2019-11-17T22:37:42.3316437+07:00" endTime="2019-11-17T22:37:42.3356330+07:00" testType="13cdc9d9-ddb5-4fa4-a97d-d965ccfc6d4b" outcome="Passed" testListId="8c84fa94-04c1-424b-9868-57a2d4851a1d" relativeResultsDirectory="e90120dd-651f-4b47-ba10-5a6bd698ac23">
    </UnitTestResult>
    <UnitTestResult executionId="59c424e8-653b-426c-a34b-edeb0dce3611" testId="3f36fb8e-02a1-e865-afd4-fb0edea3b1f4" testName="DsBanTrong_LayDungDSBanTrong" computerName="DAT" duration="00:00:00.0007298" startTime="2019-11-17T22:37:42.3436120+07:00" endTime="2019-11-17T22:37:42.3466446+07:00" testType="13cdc9d9-ddb5-4fa4-a97d-d965ccfc6d4b" outcome="Passed" testListId="8c84fa94-04c1-424b-9868-57a2d4851a1d" relativeResultsDirectory="59c424e8-653b-426c-a34b-edeb0dce3611">
    </UnitTestResult>
    <UnitTestResult executionId="49b00f6e-accb-49bd-84bb-cc75206eaab5" testId="40a6ab72-818f-8bc3-5813-298d696cfecc" testName="KiemTraTinhTrangBan_MaBanKhongCo" computerName="DAT" duration="00:00:00.0001899" startTime="2019-11-17T22:37:42.3555797+07:00" endTime="2019-11-17T22:37:42.3575742+07:00" testType="13cdc9d9-ddb5-4fa4-a97d-d965ccfc6d4b" outcome="Passed" testListId="8c84fa94-04c1-424b-9868-57a2d4851a1d" relativeResultsDirectory="49b00f6e-accb-49bd-84bb-cc75206eaab5">
    </UnitTestResult>
    <UnitTestResult executionId="dfca444e-ac34-4624-99c0-cc1c808ca9c3" testId="43c154de-a1b3-788a-efb4-c91191131004" testName="CapNhat_CapNhatTenMon" computerName="DAT" duration="00:00:00.0001515" startTime="2019-11-17T22:37:42.3645553+07:00" endTime="2019-11-17T22:37:42.3665516+07:00" testType="13cdc9d9-ddb5-4fa4-a97d-d965ccfc6d4b" outcome="Passed" testListId="8c84fa94-04c1-424b-9868-57a2d4851a1d" relativeResultsDirectory="dfca444e-ac34-4624-99c0-cc1c808ca9c3">
    </UnitTestResult>
    <UnitTestResult executionId="e09d9f4d-fdf8-488c-bfbe-43828e78208a" testId="5504126a-2122-ce4e-bafd-431766aad126" testName="TimBan_NhapMaBanDuongKhongTonTai" computerName="DAT" duration="00:00:00.0001717" startTime="2019-11-17T22:37:42.3745286+07:00" endTime="2019-11-17T22:37:42.3765233+07:00" testType="13cdc9d9-ddb5-4fa4-a97d-d965ccfc6d4b" outcome="Passed" testListId="8c84fa94-04c1-424b-9868-57a2d4851a1d" relativeResultsDirectory="e09d9f4d-fdf8-488c-bfbe-43828e78208a">
    </UnitTestResult>
    <UnitTestResult executionId="921a1d65-999a-43b7-9126-aea458ba6f1f" testId="58fe1980-0c32-dcdf-eb1d-cd3bc8ff9413" testName="SoSanh_BangNhau" computerName="DAT" duration="00:00:00.0001665" startTime="2019-11-17T22:37:42.3845020+07:00" endTime="2019-11-17T22:37:42.3874939+07:00" testType="13cdc9d9-ddb5-4fa4-a97d-d965ccfc6d4b" outcome="Passed" testListId="8c84fa94-04c1-424b-9868-57a2d4851a1d" relativeResultsDirectory="921a1d65-999a-43b7-9126-aea458ba6f1f">
    </UnitTestResult>
    <UnitTestResult executionId="74c87a38-696f-4782-96dc-1adfd14865a7" testId="5ba2c898-8860-a02e-ab1a-357c6bf4f222" testName="TimBan_NhapMaBanAm" computerName="DAT" duration="00:00:00.0001652" startTime="2019-11-17T22:37:42.3944755+07:00" endTime="2019-11-17T22:37:42.3964709+07:00" testType="13cdc9d9-ddb5-4fa4-a97d-d965ccfc6d4b" outcome="Passed" testListId="8c84fa94-04c1-424b-9868-57a2d4851a1d" relativeResultsDirectory="74c87a38-696f-4782-96dc-1adfd14865a7">
    </UnitTestResult>
    <UnitTestResult executionId="8ec034ed-7203-4f81-86d0-864812f044fd" testId="65708783-9de6-538d-05b5-3f6cd931e7a4" testName="TimMon_TimThay" computerName="DAT" duration="00:00:00.0001524" startTime="2019-11-17T22:37:42.4034525+07:00" endTime="2019-11-17T22:37:42.4054467+07:00" testType="13cdc9d9-ddb5-4fa4-a97d-d965ccfc6d4b" outcome="Passed" testListId="8c84fa94-04c1-424b-9868-57a2d4851a1d" relativeResultsDirectory="8ec034ed-7203-4f81-86d0-864812f044fd">
    </UnitTestResult>
    <UnitTestResult executionId="136c91f7-a95a-4eef-b458-a9146fadd336" testId="68317eee-7a65-9417-129b-0adfe66804f9" testName="SoSanh_Nhohon" computerName="DAT" duration="00:00:00.0001377" startTime="2019-11-17T22:37:42.4124289+07:00" endTime="2019-11-17T22:37:42.4154202+07:00" testType="13cdc9d9-ddb5-4fa4-a97d-d965ccfc6d4b" outcome="Passed" testListId="8c84fa94-04c1-424b-9868-57a2d4851a1d" relativeResultsDirectory="136c91f7-a95a-4eef-b458-a9146fadd336">
    </UnitTestResult>
    <UnitTestResult executionId="11719eae-868a-4ec0-a2d2-09fa1c5db0d7" testId="70305cc4-5d92-51bd-09e0-b5bbf19b5f6d" testName="Test_ThuNgan2" computerName="DAT" duration="00:00:00.4381417" startTime="2019-11-17T22:37:42.4224002+07:00" endTime="2019-11-17T22:37:42.8626667+07:00" testType="13cdc9d9-ddb5-4fa4-a97d-d965ccfc6d4b" outcome="Passed" testListId="8c84fa94-04c1-424b-9868-57a2d4851a1d" relativeResultsDirectory="11719eae-868a-4ec0-a2d2-09fa1c5db0d7">
    </UnitTestResult>
    <UnitTestResult executionId="1d0a5d1b-2789-445e-b19a-7f08929e268c" testId="706c525f-a63b-2ace-e558-1aa04df5541f" testName="Test_KiemTraSucChua_Dung" computerName="DAT" duration="00:00:00.0003507" startTime="2019-11-17T22:37:42.8786241+07:00" endTime="2019-11-17T22:37:42.8806191+07:00" testType="13cdc9d9-ddb5-4fa4-a97d-d965ccfc6d4b" outcome="Passed" testListId="8c84fa94-04c1-424b-9868-57a2d4851a1d" relativeResultsDirectory="1d0a5d1b-2789-445e-b19a-7f08929e268c">
    </UnitTestResult>
    <UnitTestResult executionId="6d7eb67a-e770-4c3f-94fa-4eef49507119" testId="7689427c-86a4-42a4-f714-a7a94b8e2669" testName="Test_QuanTri2" computerName="DAT" duration="00:00:00.4677000" startTime="2019-11-17T22:37:42.8885980+07:00" endTime="2019-11-17T22:37:43.3583417+07:00" testType="13cdc9d9-ddb5-4fa4-a97d-d965ccfc6d4b" outcome="Passed" testListId="8c84fa94-04c1-424b-9868-57a2d4851a1d" relativeResultsDirectory="6d7eb67a-e770-4c3f-94fa-4eef49507119">
    </UnitTestResult>
    <UnitTestResult executionId="a55ff492-dec2-4f18-9a56-7cff9d871820" testId="7a329a4c-3fdd-f31c-cc7e-a6a492b374d4" testName="Test_SoSanh_Nhohon" computerName="DAT" duration="00:00:00.0001360" startTime="2019-11-17T22:37:43.3723040+07:00" endTime="2019-11-17T22:37:43.3742995+07:00" testType="13cdc9d9-ddb5-4fa4-a97d-d965ccfc6d4b" outcome="Passed" testListId="8c84fa94-04c1-424b-9868-57a2d4851a1d" relativeResultsDirectory="a55ff492-dec2-4f18-9a56-7cff9d871820">
    </UnitTestResult>
    <UnitTestResult executionId="e1cdf849-99db-4981-b635-b6a8eecc35eb" testId="7e3dccb6-9d26-926e-5d6e-9e5311be4e07" testName="ThemBan_MaBanChenCuoi" computerName="DAT" duration="00:00:00.0002283" startTime="2019-11-17T22:37:43.3802830+07:00" endTime="2019-11-17T22:37:43.3832754+07:00" testType="13cdc9d9-ddb5-4fa4-a97d-d965ccfc6d4b" outcome="Passed" testListId="8c84fa94-04c1-424b-9868-57a2d4851a1d" relativeResultsDirectory="e1cdf849-99db-4981-b635-b6a8eecc35eb">
    </UnitTestResult>
    <UnitTestResult executionId="2b7aed38-1ebb-458c-b51b-00653884691c" testId="853dad75-5dc6-becf-634f-122a40f3c54d" testName="DsBanYeuCau_TimTheoDungSucChua" computerName="DAT" duration="00:00:00.0005650" startTime="2019-11-17T22:37:43.3912539+07:00" endTime="2019-11-17T22:37:43.3932485+07:00" testType="13cdc9d9-ddb5-4fa4-a97d-d965ccfc6d4b" outcome="Passed" testListId="8c84fa94-04c1-424b-9868-57a2d4851a1d" relativeResultsDirectory="2b7aed38-1ebb-458c-b51b-00653884691c">
    </UnitTestResult>
    <UnitTestResult executionId="ea8f25ee-1f87-441b-90ef-9e6f5d9eb00b" testId="8df1f0d5-e7c9-1bb5-cca9-5dad03172cdc" testName="ThemBan_MaBanChenDau" computerName="DAT" duration="00:00:00.0004000" startTime="2019-11-17T22:37:43.4002296+07:00" endTime="2019-11-17T22:37:43.4042203+07:00" testType="13cdc9d9-ddb5-4fa4-a97d-d965ccfc6d4b" outcome="Passed" testListId="8c84fa94-04c1-424b-9868-57a2d4851a1d" relativeResultsDirectory="ea8f25ee-1f87-441b-90ef-9e6f5d9eb00b">
    </UnitTestResult>
    <UnitTestResult executionId="833d844b-1817-4838-8451-80a226b733f9" testId="95492612-57b2-66ce-e4ea-287d48f488bb" testName="Test_KiemTraTinhTrangBan1" computerName="DAT" duration="00:00:00.0280451" startTime="2019-11-17T22:37:43.4121988+07:00" endTime="2019-11-17T22:37:43.4441117+07:00" testType="13cdc9d9-ddb5-4fa4-a97d-d965ccfc6d4b" outcome="Failed" testListId="8c84fa94-04c1-424b-9868-57a2d4851a1d" relativeResultsDirectory="833d844b-1817-4838-8451-80a226b733f9">
      <Output>
        <ErrorInfo>
          <Message>Assert.IsFalse failed. </Message>
          <StackTrace>   at Testing.UnitTests.Test_QuanLyHoaDon.Test_KiemTraTinhTrangBan1() in C:\Users\Dat\Desktop\QuanLyCafe_ver2.0\UnitTest\Test_QuanLyHoaDon.cs:line 32
</StackTrace>
        </ErrorInfo>
      </Output>
    </UnitTestResult>
    <UnitTestResult executionId="3a6945c7-cd8f-4a30-9626-6837ae4a1fd7" testId="997a3c0b-1986-2d64-a11b-a9fbec68ec27" testName="Test_ThuNgan1" computerName="DAT" duration="00:00:00.0952159" startTime="2019-11-17T22:37:43.4530952+07:00" endTime="2019-11-17T22:37:43.5508592+07:00" testType="13cdc9d9-ddb5-4fa4-a97d-d965ccfc6d4b" outcome="Passed" testListId="8c84fa94-04c1-424b-9868-57a2d4851a1d" relativeResultsDirectory="3a6945c7-cd8f-4a30-9626-6837ae4a1fd7">
    </UnitTestResult>
    <UnitTestResult executionId="21b9ee80-d3bb-466a-ba94-c1ad8670bc97" testId="99efb3d3-663f-929d-6532-615f7f0d2cb2" testName="TimMon_NhapMaMonDuongKhongTonTai" computerName="DAT" duration="00:00:00.0021556" startTime="2019-11-17T22:37:43.5678125+07:00" endTime="2019-11-17T22:37:43.5737969+07:00" testType="13cdc9d9-ddb5-4fa4-a97d-d965ccfc6d4b" outcome="Passed" testListId="8c84fa94-04c1-424b-9868-57a2d4851a1d" relativeResultsDirectory="21b9ee80-d3bb-466a-ba94-c1ad8670bc97">
    </UnitTestResult>
    <UnitTestResult executionId="243e3374-3384-4379-8baf-c7bd5b0580b5" testId="a6dd8555-465c-67ad-6dd0-2f32b89c9fa6" testName="DsBanYeuCau_TimTheoDungMa" computerName="DAT" duration="00:00:00.0003125" startTime="2019-11-17T22:37:43.5802882+07:00" endTime="2019-11-17T22:37:43.5822824+07:00" testType="13cdc9d9-ddb5-4fa4-a97d-d965ccfc6d4b" outcome="Passed" testListId="8c84fa94-04c1-424b-9868-57a2d4851a1d" relativeResultsDirectory="243e3374-3384-4379-8baf-c7bd5b0580b5">
    </UnitTestResult>
    <UnitTestResult executionId="acf4f961-fcc4-4df7-8c85-89b4229dd256" testId="bf99b1ce-4fcb-573f-3f9e-eecece941c19" testName="Test_KiemTraSucChua_Sai" computerName="DAT" duration="00:00:00.0000880" startTime="2019-11-17T22:37:43.5892642+07:00" endTime="2019-11-17T22:37:43.5912586+07:00" testType="13cdc9d9-ddb5-4fa4-a97d-d965ccfc6d4b" outcome="Passed" testListId="8c84fa94-04c1-424b-9868-57a2d4851a1d" relativeResultsDirectory="acf4f961-fcc4-4df7-8c85-89b4229dd256">
    </UnitTestResult>
    <UnitTestResult executionId="e283fec2-afdf-435e-943f-d24e0e509047" testId="c234d1f5-618a-9344-50a8-0c8365dbbca6" testName="Test_KiemTraTinhTrangBan" computerName="DAT" duration="00:00:00.0098944" startTime="2019-11-17T22:37:43.5982394+07:00" endTime="2019-11-17T22:37:43.6102070+07:00" testType="13cdc9d9-ddb5-4fa4-a97d-d965ccfc6d4b" outcome="Passed" testListId="8c84fa94-04c1-424b-9868-57a2d4851a1d" relativeResultsDirectory="e283fec2-afdf-435e-943f-d24e0e509047">
    </UnitTestResult>
    <UnitTestResult executionId="8f6f02ca-1818-40c0-8b9d-458a16734f26" testId="c4080441-b38c-51ba-bef3-591104a596b7" testName="TimMon_NhapMaMonAm" computerName="DAT" duration="00:00:00.0002770" startTime="2019-11-17T22:37:43.6171886+07:00" endTime="2019-11-17T22:37:43.6201869+07:00" testType="13cdc9d9-ddb5-4fa4-a97d-d965ccfc6d4b" outcome="Passed" testListId="8c84fa94-04c1-424b-9868-57a2d4851a1d" relativeResultsDirectory="8f6f02ca-1818-40c0-8b9d-458a16734f26">
    </UnitTestResult>
    <UnitTestResult executionId="d0539ecf-e841-4dd5-b90c-7f847a89494e" testId="cd564136-a647-1a66-b585-ffdd6091a8e0" testName="Test_ThuNgan3" computerName="DAT" duration="00:00:00.6150339" startTime="2019-11-17T22:37:43.6271659+07:00" endTime="2019-11-17T22:37:44.2442054+07:00" testType="13cdc9d9-ddb5-4fa4-a97d-d965ccfc6d4b" outcome="Passed" testListId="8c84fa94-04c1-424b-9868-57a2d4851a1d" relativeResultsDirectory="d0539ecf-e841-4dd5-b90c-7f847a89494e">
    </UnitTestResult>
    <UnitTestResult executionId="3d867546-81a6-4ff4-953d-fb769fd452cf" testId="d1321b73-d6c9-1b1c-1641-7dd7bf98b1e3" testName="Test_KiemTraMonDaTonTai1" computerName="DAT" duration="00:00:00.0115705" startTime="2019-11-17T22:37:44.2581675+07:00" endTime="2019-11-17T22:37:44.2721318+07:00" testType="13cdc9d9-ddb5-4fa4-a97d-d965ccfc6d4b" outcome="Passed" testListId="8c84fa94-04c1-424b-9868-57a2d4851a1d" relativeResultsDirectory="3d867546-81a6-4ff4-953d-fb769fd452cf">
    </UnitTestResult>
    <UnitTestResult executionId="041542a3-e2d5-4441-a3c4-81a6aa645ac4" testId="d154bc88-b8a7-7a70-8ff5-21465ba4fa9c" testName="ThemBan_MaBanChenGiua" computerName="DAT" duration="00:00:00.0002426" startTime="2019-11-17T22:37:44.2801089+07:00" endTime="2019-11-17T22:37:44.2821445+07:00" testType="13cdc9d9-ddb5-4fa4-a97d-d965ccfc6d4b" outcome="Passed" testListId="8c84fa94-04c1-424b-9868-57a2d4851a1d" relativeResultsDirectory="041542a3-e2d5-4441-a3c4-81a6aa645ac4">
    </UnitTestResult>
    <UnitTestResult executionId="ae5485e4-5f20-48dd-9f21-219aa564cff3" testId="d9276523-08ee-3a7b-be05-b0c9880ceb9f" testName="ThemBan_NhapSucChuaAm" computerName="DAT" duration="00:00:00.0003316" startTime="2019-11-17T22:37:44.2900822+07:00" endTime="2019-11-17T22:37:44.2940723+07:00" testType="13cdc9d9-ddb5-4fa4-a97d-d965ccfc6d4b" outcome="Passed" testListId="8c84fa94-04c1-424b-9868-57a2d4851a1d" relativeResultsDirectory="ae5485e4-5f20-48dd-9f21-219aa564cff3">
    </UnitTestResult>
    <UnitTestResult executionId="4b42b0d9-9d76-480f-9f86-740f710f4fb4" testId="d9bda122-0024-f101-1aa1-04ff4956f041" testName="KiemTraTinhTrangBan_BanDat" computerName="DAT" duration="00:00:00.0003639" startTime="2019-11-17T22:37:44.3040456+07:00" endTime="2019-11-17T22:37:44.3070368+07:00" testType="13cdc9d9-ddb5-4fa4-a97d-d965ccfc6d4b" outcome="Passed" testListId="8c84fa94-04c1-424b-9868-57a2d4851a1d" relativeResultsDirectory="4b42b0d9-9d76-480f-9f86-740f710f4fb4">
    </UnitTestResult>
    <UnitTestResult executionId="3f914e93-8613-4634-8bb6-f19893e7b37d" testId="d9c1ca57-4f3d-61ab-2bd0-8e97c57ef602" testName="Test_SoSanh_LonHon" computerName="DAT" duration="00:00:00.0002532" startTime="2019-11-17T22:37:44.3180082+07:00" endTime="2019-11-17T22:37:44.3219970+07:00" testType="13cdc9d9-ddb5-4fa4-a97d-d965ccfc6d4b" outcome="Passed" testListId="8c84fa94-04c1-424b-9868-57a2d4851a1d" relativeResultsDirectory="3f914e93-8613-4634-8bb6-f19893e7b37d">
    </UnitTestResult>
    <UnitTestResult executionId="de455c5d-620e-4865-99d4-bd35607b7647" testId="dc81981a-f73c-8a4c-f49c-d4ec530797c7" testName="ThemMon_ThemMonThanhCong" computerName="DAT" duration="00:00:00.0002136" startTime="2019-11-17T22:37:44.3309742+07:00" endTime="2019-11-17T22:37:44.3349625+07:00" testType="13cdc9d9-ddb5-4fa4-a97d-d965ccfc6d4b" outcome="Passed" testListId="8c84fa94-04c1-424b-9868-57a2d4851a1d" relativeResultsDirectory="de455c5d-620e-4865-99d4-bd35607b7647">
    </UnitTestResult>
    <UnitTestResult executionId="fcf00d89-7dc9-446a-89a4-322bd3c859ab" testId="ded5ed6a-e441-abca-4d62-7c235a5a457a" testName="ThemBan_NhapQuaGioiHanSucChua21" computerName="DAT" duration="00:00:00.0003771" startTime="2019-11-17T22:37:44.3449359+07:00" endTime="2019-11-17T22:37:44.3479277+07:00" testType="13cdc9d9-ddb5-4fa4-a97d-d965ccfc6d4b" outcome="Passed" testListId="8c84fa94-04c1-424b-9868-57a2d4851a1d" relativeResultsDirectory="fcf00d89-7dc9-446a-89a4-322bd3c859ab">
    </UnitTestResult>
    <UnitTestResult executionId="0fb43e4a-4261-4aaf-af68-9979d9aa774d" testId="e56789c3-c298-c14a-b9d3-f1a84d2f3e8b" testName="CapNhat_CapNhatGhiChuMon" computerName="DAT" duration="00:00:00.0003734" startTime="2019-11-17T22:37:44.3589000+07:00" endTime="2019-11-17T22:37:44.3618925+07:00" testType="13cdc9d9-ddb5-4fa4-a97d-d965ccfc6d4b" outcome="Passed" testListId="8c84fa94-04c1-424b-9868-57a2d4851a1d" relativeResultsDirectory="0fb43e4a-4261-4aaf-af68-9979d9aa774d">
    </UnitTestResult>
    <UnitTestResult executionId="99ede4a6-8b8e-4a09-845c-393b2af3cb53" testId="e9f15037-3b94-ca0a-e260-6e2c6d3560db" testName="Test_KiemTraHoaDonDaThanhToan" computerName="DAT" duration="00:00:00.0147766" startTime="2019-11-17T22:37:44.3718640+07:00" endTime="2019-11-17T22:37:44.3898155+07:00" testType="13cdc9d9-ddb5-4fa4-a97d-d965ccfc6d4b" outcome="Passed" testListId="8c84fa94-04c1-424b-9868-57a2d4851a1d" relativeResultsDirectory="99ede4a6-8b8e-4a09-845c-393b2af3cb53">
    </UnitTestResult>
    <UnitTestResult executionId="45593798-bf05-43e4-83f9-2a5bd10d0541" testId="f0234b3c-f46c-0e01-65e8-c42627450b4c" testName="Test_SoSanh_BangNhau" computerName="DAT" duration="00:00:00.0002498" startTime="2019-11-17T22:37:44.3987915+07:00" endTime="2019-11-17T22:37:44.4027812+07:00" testType="13cdc9d9-ddb5-4fa4-a97d-d965ccfc6d4b" outcome="Passed" testListId="8c84fa94-04c1-424b-9868-57a2d4851a1d" relativeResultsDirectory="45593798-bf05-43e4-83f9-2a5bd10d0541">
    </UnitTestResult>
    <UnitTestResult executionId="b9d1670e-7e98-4eb5-ae26-4d76603d4609" testId="f3bd33ba-840c-ef80-6ee1-67effc662fd1" testName="ThemBan_NhapDungSucChua" computerName="DAT" duration="00:00:00.0003553" startTime="2019-11-17T22:37:44.4127551+07:00" endTime="2019-11-17T22:37:44.4167439+07:00" testType="13cdc9d9-ddb5-4fa4-a97d-d965ccfc6d4b" outcome="Passed" testListId="8c84fa94-04c1-424b-9868-57a2d4851a1d" relativeResultsDirectory="b9d1670e-7e98-4eb5-ae26-4d76603d4609">
    </UnitTestResult>
    <UnitTestResult executionId="bd279b01-c8b0-46fa-ac63-cd08272da393" testId="f640cdbc-7682-fa1e-584c-24d33454f385" testName="DsBanDat_LayDungDSBanDat" computerName="DAT" duration="00:00:00.0010072" startTime="2019-11-17T22:37:44.4257194+07:00" endTime="2019-11-17T22:37:44.4297091+07:00" testType="13cdc9d9-ddb5-4fa4-a97d-d965ccfc6d4b" outcome="Passed" testListId="8c84fa94-04c1-424b-9868-57a2d4851a1d" relativeResultsDirectory="bd279b01-c8b0-46fa-ac63-cd08272da393">
    </UnitTestResult>
    <UnitTestResult executionId="6fce3527-bd21-47a0-84dc-d124cdff642b" testId="f93f9ba7-60db-4d30-e04f-0ae6bb772115" testName="Test_KiemTraHoaDonDaThanhToan1" computerName="DAT" duration="00:00:00.0162727" startTime="2019-11-17T22:37:44.4406802+07:00" endTime="2019-11-17T22:37:44.4596310+07:00" testType="13cdc9d9-ddb5-4fa4-a97d-d965ccfc6d4b" outcome="Failed" testListId="8c84fa94-04c1-424b-9868-57a2d4851a1d" relativeResultsDirectory="6fce3527-bd21-47a0-84dc-d124cdff642b">
      <Output>
        <ErrorInfo>
          <Message>Assert.IsFalse failed. </Message>
          <StackTrace>   at Testing.UnitTests.Test_QuanLyHoaDon.Test_KiemTraHoaDonDaThanhToan1() in C:\Users\Dat\Desktop\QuanLyCafe_ver2.0\UnitTest\Test_QuanLyHoaDon.cs:line 54
</StackTrace>
        </ErrorInfo>
      </Output>
    </UnitTestResult>
    <UnitTestResult executionId="e022e05c-3e0c-41ed-80b3-35e6f1eb2f43" testId="fc80d0d6-d4f8-0082-3d0a-79f3560d90f5" testName="Test_QuanTri1" computerName="DAT" duration="00:00:00.0243016" startTime="2019-11-17T22:37:44.4676079+07:00" endTime="2019-11-17T22:37:44.4955335+07:00" testType="13cdc9d9-ddb5-4fa4-a97d-d965ccfc6d4b" outcome="Passed" testListId="8c84fa94-04c1-424b-9868-57a2d4851a1d" relativeResultsDirectory="e022e05c-3e0c-41ed-80b3-35e6f1eb2f43">
    </UnitTestResult>
  </Results>
</TestRun>